✔ [1485/1512] Built Cloning.BlockFidelity (8.4s)
✔ [1603/1652] Built Cloning.Rounding (8.7s)
✔ [1684/1698] Built Cloning.ClassicalFidelity (19s)
⚠ [2732/2792] Built Cloning.Thermal (22s)
warning: Cloning/Thermal.lean:423:4: try 'simp' instead of 'simpa'

Note: This linter can be disabled with `set_option linter.unnecessarySimpa false`
✔ [2948/2964] Built Cloning.CountableScheffe (28s)
✔ [2949/2964] Built Cloning.InfiniteTraceClass (51s)
✔ [2950/2967] Built Cloning.PoissonApproximation (45s)
✔ [2951/2967] Built Cloning.InfiniteDensityState (41s)
✔ [2952/2969] Built Cloning.InfiniteHilbertSchmidt (29s)
✔ [2953/2971] Built Cloning.CoherentCoefficients (12s)
✔ [2955/2972] Built Cloning.InfiniteTraceClassPolar (29s)
✔ [2956/2979] Built Cloning.BosonicAmplifier (21s)
✔ [2957/2980] Built Cloning.InfiniteTraceClassBasis (17s)
✔ [2958/2980] Built Cloning.Occupation (26s)
✔ [2959/2980] Built Cloning.BosonicNumberLaw (9.4s)
✔ [2960/2980] Built Cloning.InfiniteTraceClassIdeal (35s)
✔ [2961/2982] Built Cloning.WernerNormalization (6.9s)
✔ [2962/3017] Built Cloning.WernerAsymptotics (8.9s)
✔ [2995/3024] Built Cloning.MatrixFidelity (17s)
✔ [2999/3025] Built Cloning.InfiniteTraceClassNormBounds (31s)
✔ [3000/3027] Built Cloning.MatrixTraceOrder (17s)
✔ [3001/3029] Built Cloning.InfiniteTraceClassSpace (26s)
✔ [3002/3029] Built Cloning.MatrixFidelityBounds (19s)
✔ [3003/3032] Built Cloning.MatrixFidelityEmbedding (16s)
✔ [3004/3034] Built Cloning.MatrixRegularization (17s)
✔ [3006/3037] Built Cloning.InfiniteTraceClassBanach (29s)
✔ [3007/3038] Built Cloning.MatrixFidelityTraceBound (19s)
✔ [3008/3038] Built Cloning.InfiniteTraceClassAlgebra (17s)
✔ [3009/3038] Built Cloning.MatrixFidelityScaling (13s)
✔ [3010/3038] Built Cloning.MatrixFidelitySymmetry (14s)
✔ [3011/3038] Built Cloning.InfiniteHilbertSchmidtPositive (12s)
✔ [3012/3040] Built Cloning.InfiniteTraceClassSeries (17s)
✔ [3013/3040] Built Cloning.MatrixFidelityWitness (9.0s)
✔ [3014/3040] Built Cloning.InfiniteTraceClassPositive (19s)
✔ [3015/3040] Built Cloning.InfiniteOccupationStates (9.0s)
✔ [3016/3043] Built Cloning.InfinitePureStateContinuity (10s)
✔ [3017/3043] Built Cloning.BosonicStochasticOrder (4.5s)
✔ [3018/3043] Built Cloning.MatrixFidelityBlockBound (9.6s)
✔ [3019/3043] Built Cloning.InfiniteTraceClassDecomposition (27s)
✔ [3020/3043] Built Cloning.InfiniteTraceClassChannels (40s)
✔ [3021/3043] Built Cloning.InfiniteFidelity (25s)
✔ [3022/3043] Built Cloning.Channels (12s)
✔ [3023/3043] Built Cloning.InfiniteTraceClassWeakLimit (27s)
✔ [3024/3043] Built Cloning.BosonicMixtureStochasticOrder (16s)
✔ [3025/3043] Built Cloning.Compression (27s)
✔ [3026/3043] Built Cloning.InfiniteTraceClassCutoff (26s)
✔ [3027/3043] Built Cloning.InfiniteFidelityWeighted (26s)
✔ [3028/3043] Built Cloning.CartanChannel (9.6s)
✔ [3029/3043] Built Cloning.InfiniteTraceClassCutoffConvergence (30s)
✔ [3030/3043] Built Cloning.InfiniteChannelCovariance (54s)
✔ [3031/3043] Built Cloning.InfiniteCompletelyPositive (38s)
✔ [3032/3045] Built Cloning.InfiniteFiniteCorner (14s)
✔ [3033/3045] Built Cloning.InfinitePowersStormer (23s)
✔ [3034/3045] Built Cloning.InfiniteChannelWeakLimit (5.0s)
✔ [3035/3051] Built Cloning.InfiniteChannelTraceRepair (14s)
✔ [3036/3051] Built Cloning.InfiniteFidelityContinuity (10s)
✔ [3037/3051] Built Cloning.SymmetricOccupation (23s)
✔ [3038/3051] Built Cloning.InfiniteIsometricChannel (25s)
✔ [3039/3051] Built Cloning.InfiniteKrausChannel (51s)
✔ [3040/3051] Built Cloning.InfiniteFidelityBlockBound (29s)
⚠ [3041/3051] Built Cloning.OccupationCompression (20s)
warning: Cloning/OccupationCompression.lean:73:25: Used `tac1 <;> tac2` where `(tac1; tac2)` would suffice

Note: This linter can be disabled with `set_option linter.unnecessarySeqFocus false`
✔ [3042/3051] Built Cloning.BosonicAmplifierChannel (8.2s)
✔ [3043/3052] Built Cloning.InfiniteRectangularKraus (58s)
✔ [3044/3052] Built Cloning.InfiniteDiagonalFidelity (59s)
✔ [3045/3052] Built Cloning.BosonicIdlerChannel (57s)
✔ [3047/3058] Built Cloning.OccupationChannel (83s)
✔ [3048/3061] Built Cloning.BosonicAmplifierThermal (66s)
✔ [3056/3064] Built Cloning.ComplexGaussianMoments (14s)
✔ [3057/3064] Built Cloning.ComplexCoherent (40s)
✔ [3058/3064] Built Cloning.LAN (19s)
✔ [3059/3068] Built Cloning.CoherentKernel (16s)
✔ [3060/3068] Built Cloning.Main (13s)
✔ [3061/3069] Built Cloning.CoherentContinuity (14s)
✔ [3062/3069] Built Cloning.InfiniteTraceClassSeparable (8.2s)
✔ [3063/3071] Built Cloning.GaussianAffinity (11s)
✔ [3064/3072] Built Cloning.InfiniteTraceClassNormalPart (23s)
✔ [3065/3072] Built Cloning.InfiniteBilinearWeakClosure (11s)
✔ [3066/3072] Built Cloning.CoherentGaussianMixture (13s)
✔ [3067/3073] Built Cloning.InfiniteTraceClassCompactness (18s)
✔ [3068/3073] Built Cloning.InfiniteTraceClassPairing (21s)
✔ [3069/3077] Built Cloning.InfiniteTraceClassFamilyCompactness (18s)
✔ [3070/3077] Built Cloning.InfiniteChannelLimitReconstruction (20s)
✔ [3071/3077] Built Cloning.InfiniteCompactObservableLimit (21s)
✔ [3072/3078] Built Cloning.InfiniteTraceBoundedMaps (21s)
✔ [3073/3078] Built Cloning.InfiniteTraceClassAsymptoticBound (24s)
✔ [3074/3081] Built Cloning.InfiniteChannelCompactness (27s)
✔ [3075/3081] Built Cloning.InfiniteChannelAdjoint (18s)
✔ [3076/3083] Built Cloning.InfiniteCompletelyPositiveCompactness (20s)
✔ [3077/3083] Built Cloning.InfiniteFidelityWitness (36s)
✔ [3078/3083] Built Cloning.InfiniteCompactObservableExtraction (50s)
✔ [3079/3083] Built Cloning.InfiniteAsymptoticCPCompactness (55s)
✔ [3080/3084] Built Cloning.InfiniteCutoffChannels (12s)
✔ [3081/3085] Built Cloning.InfiniteChannelFidelity (8.8s)
✔ [3082/3086] Built Cloning.InfiniteLANTransfer (9.2s)
✔ [3083/3086] Built Cloning.InfiniteFidelityRegularized (16s)
✔ [3084/3088] Built Cloning.MatrixChannelFidelity (13s)
✔ [3085/3088] Built Cloning.InfiniteWeakLimitRepair (19s)
✔ [3086/3098] Built Cloning.MatrixFidelityBlocks (10s)
✔ [3087/3098] Built Cloning.MatrixFidelityTensor (9.0s)
✔ [3088/3098] Built Cloning.MatrixFidelityNormalization (7.1s)
✔ [3089/3099] Built Cloning.Projector (7.2s)
✔ [3090/3099] Built Cloning.MatrixFidelityLifted (8.5s)
✔ [3091/3099] Built Cloning.MatrixSqrtSubadditivity (12s)
✔ [3092/3099] Built Cloning.MatrixPartialTraceCovariance (8.4s)
✔ [3093/3121] Built Cloning.MatrixLiftedChannel (16s)
✔ [3105/3123] Built Cloning.MatrixFidelityProjector (30s)
✔ [3107/3123] Built Cloning.MatrixDiscardLabel (13s)
✔ [3110/3125] Built Cloning.MatrixFidelityAchievability (11s)
✔ [3111/3125] Built Cloning.MatrixFidelityJointConcavity (15s)
✔ [3112/3126] Built Cloning.MatrixFidelityDeletion (15s)
✔ [3114/3126] Built Cloning.MatrixFidelityLimit (14s)
✔ [3115/3127] Built Cloning.MatrixFidelityAsymptotics (17s)
✔ [3117/3129] Built Cloning.MatrixFidelityMixtures (18s)
✔ [3118/3130] Built Cloning.MatrixFidelityContinuity (21s)
✔ [3120/3131] Built Cloning.MatrixTraceNormOrder (27s)
✔ [3122/3131] Built Cloning.MatrixLiftedTrimming (27s)
✔ [3124/3132] Built Cloning.MatrixTransitionAchievability (31s)
✔ [3125/3132] Built Cloning.MatrixWeightedFidelity (31s)
✔ [3127/3133] Built Cloning.Moments (14s)
✔ [3128/3134] Built Cloning.MatrixChannelTraceNorm (14s)
✔ [3129/3134] Built Cloning.MatrixCovariantBalance (36s)
✔ [3130/3134] Built Cloning.MultimodeCoherent (36s)
✔ [3131/3134] Built Cloning.MatrixLANTransfer (19s)
✔ [3132/3139] Built Cloning.MultimodeIdler (25s)
✔ [3133/3145] Built Cloning.MultimodeCoherentGaussianMixture (34s)
✔ [3136/3145] Built Cloning.ThermalWitness (36s)
✔ [3138/3149] Built Cloning.YoungDimensionRatio (19s)
✔ [3139/3149] Built Cloning.ThermalIdlerFidelity (12s)
✔ [3140/3149] Built Cloning.YoungTwoRowMoment (12s)
✔ [3141/3151] Built Cloning.YoungRounding (18s)
✔ [3142/3152] Built Cloning.MultimodeThermalIdlerFidelity (32s)
✔ [3143/3152] Built Cloning.YoungDimensionSecondOrder (38s)
ℹ [3144/3153] Built LiftedSectorFidelity (18s)
info: LiftedSectorFidelity.lean:16:0: Cloning.MatrixFidelity.lifted_matrix_factorization_bound.{u_1, u_2, u_3} {ι : Type u_1} [Fintype ι] [DecidableEq ι]
  {d : ι → Type u_2} {s : ι → Type u_3} [(i : ι) → Fintype (d i)] [(i : ι) → DecidableEq (d i)]
  [(i : ι) → Fintype (s i)] [(i : ι) → DecidableEq (s i)] (X G : (i : ι) → Matrix (d i) (d i) ℂ)
  (ρ : (i : ι) → Cloning.MatrixFidelity.State (d i)) (τ : (i : ι) → Cloning.MatrixFidelity.State (s i)) (p : ι → ℝ)
  (c η : ℝ) (hX : ∀ (i : ι), (X i).PosSemidef) (hG : ∀ (i : ι), (G i).PosSemidef)
  (hdiff : ∀ (i : ι), (X i - G i).PosSemidef) (hp : ∀ (i : ι), 0 ≤ p i) (hpsum : ∑ i, p i = 1)
  (hXmass : ∑ i, (X i).trace.re ≤ 1) (hc0 : 0 ≤ c) (hc1 : c ≤ 1) (hη : 0 ≤ η)
  (hsector :
    ∀ (i : ι),
      0 < (G i).trace.re →
        |Cloning.MatrixFidelity.fidelity (Cloning.MatrixFidelity.normalizedBlock (G i)) (ρ i).matrix - c| ≤ η) :
  |Cloning.MatrixFidelity.fidelity
          (Matrix.blockDiagonal' fun i => Matrix.kroneckerMap (fun x1 x2 => x1 * x2) (X i) (τ i).matrix)
          (Matrix.blockDiagonal' fun i =>
            Matrix.kroneckerMap (fun x1 x2 => x1 * x2) (p i • (ρ i).matrix) (τ i).matrix) -
        c * Cloning.BlockFidelity.classicalAffinity (fun i => (X i).trace.re) p| ≤
    η + 2 * √(∑ i, ((X i).trace.re - (G i).trace.re))
info: LiftedSectorFidelity.lean:17:0: Cloning.MatrixCovariantBalance.cartanChannel_of_irreducible_intertwiner.{u_1, u_2, u_3, u_4} {G : Type u_1}
  {A : Type u_2} [Monoid G] [Fintype A] [DecidableEq A] {B : Type u_3} {C : Type u_4} [Fintype B] [Fintype C]
  [DecidableEq B] [DecidableEq C] (ρ : Representation ℂ G (A → ℂ)) (σ : Representation ℂ G (B → ℂ))
  (τ : Representation ℂ G (C → ℂ)) [ρ.IsIrreducible] (V : Matrix (A × B) C ℂ) (hA : 0 < Fintype.card A)
  (hC : 0 < Fintype.card C) (hV : V.conjTranspose * V = 1)
  (hρ : ∀ (g : G), (LinearMap.toMatrix' (ρ g)).conjTranspose * LinearMap.toMatrix' (ρ g) = 1)
  (hσ : ∀ (g : G), (LinearMap.toMatrix' (σ g)).conjTranspose * LinearMap.toMatrix' (σ g) = 1)
  (hτ : ∀ (g : G), LinearMap.toMatrix' (τ g) * (LinearMap.toMatrix' (τ g)).conjTranspose = 1)
  (hintertwine :
    ∀ (g : G),
      Matrix.kroneckerMap (fun x1 x2 => x1 * x2) (LinearMap.toMatrix' (ρ g)) (LinearMap.toMatrix' (σ g)) * V =
        V * LinearMap.toMatrix' (τ g)) :
  Cloning.Channels.MatrixChannel A C
info: LiftedSectorFidelity.lean:18:0: Cloning.MatrixFidelity.lifted_matrix_fidelity_converges.{u_1, u_2, u_3} {I : ℕ → Type u_1} [(n : ℕ) → Fintype (I n)]
  [(n : ℕ) → DecidableEq (I n)] {d : (n : ℕ) → I n → Type u_2} {s : (n : ℕ) → I n → Type u_3}
  [(n : ℕ) → (i : I n) → Fintype (d n i)] [(n : ℕ) → (i : I n) → DecidableEq (d n i)]
  [(n : ℕ) → (i : I n) → Fintype (s n i)] [(n : ℕ) → (i : I n) → DecidableEq (s n i)]
  (X G : (n : ℕ) → (i : I n) → Matrix (d n i) (d n i) ℂ)
  (ρ : (n : ℕ) → (i : I n) → Cloning.MatrixFidelity.State (d n i))
  (τ : (n : ℕ) → (i : I n) → Cloning.MatrixFidelity.State (s n i)) (p : (n : ℕ) → I n → ℝ) (η : ℕ → ℝ) (c l : ℝ)
  (hX : ∀ (n : ℕ) (i : I n), (X n i).PosSemidef) (hG : ∀ (n : ℕ) (i : I n), (G n i).PosSemidef)
  (hdiff : ∀ (n : ℕ) (i : I n), (X n i - G n i).PosSemidef) (hp : ∀ (n : ℕ) (i : I n), 0 ≤ p n i)
  (hpsum : ∀ (n : ℕ), ∑ i, p n i = 1) (hXmass : ∀ (n : ℕ), ∑ i, (X n i).trace.re ≤ 1) (hc0 : 0 ≤ c) (hc1 : c ≤ 1)
  (hη : ∀ (n : ℕ), 0 ≤ η n)
  (hsector :
    ∀ (n : ℕ) (i : I n),
      0 < (G n i).trace.re →
        |Cloning.MatrixFidelity.fidelity (Cloning.MatrixFidelity.normalizedBlock (G n i)) (ρ n i).matrix - c| ≤ η n)
  (hηlimit : Filter.Tendsto η Filter.atTop (nhds 0))
  (hmass : Filter.Tendsto (fun n => ∑ i, ((X n i).trace.re - (G n i).trace.re)) Filter.atTop (nhds 0))
  (hlabel :
    Filter.Tendsto (fun n => Cloning.BlockFidelity.classicalAffinity (fun i => (X n i).trace.re) (p n)) Filter.atTop
      (nhds l)) :
  Filter.Tendsto
    (fun n =>
      Cloning.MatrixFidelity.fidelity
        (Matrix.blockDiagonal' fun i => Matrix.kroneckerMap (fun x1 x2 => x1 * x2) (X n i) (τ n i).matrix)
        (Matrix.blockDiagonal' fun i =>
          Matrix.kroneckerMap (fun x1 x2 => x1 * x2) (p n i • (ρ n i).matrix) (τ n i).matrix))
    Filter.atTop (nhds (c * l))
info: LiftedSectorFidelity.lean:19:0: Cloning.MatrixTransitionAchievability.transition_achievability_bound.{u_1, u_2, u_3, u_4, u_5} {μ : Type u_1}
  {ν : Type u_2} [Fintype μ] {α : μ → Type u_3} {β : ν → Type u_4} [(i : μ) → Fintype (α i)] [(j : ν) → Fintype (β j)]
  [(j : ν) → DecidableEq (β j)] [Fintype ν] [DecidableEq ν] {κ : ν → Type u_5} [(j : ν) → Fintype (κ j)]
  [(j : ν) → DecidableEq (κ j)] (Φ : (i : μ) → (j : ν) → Cloning.Channels.MatrixChannel (α i) (β j))
  (ρ : (i : μ) → Cloning.MatrixFidelity.State (α i)) (σ : (j : ν) → Cloning.MatrixFidelity.State (β j))
  (τ : (j : ν) → Cloning.MatrixFidelity.State (κ j)) {joint : μ → ν → ℝ} (hjoint : ∀ (i : μ) (j : ν), 0 ≤ joint i j)
  (keep : μ → ν → Prop) (p : ν → ℝ) (c η : ℝ) (hp : ∀ (j : ν), 0 ≤ p j) (hpsum : ∑ j, p j = 1)
  (hjointmass : ∑ j, ∑ i, joint i j ≤ 1) (hc0 : 0 ≤ c) (hc1 : c ≤ 1) (hη : 0 ≤ η)
  (hindividual :
    ∀ (i : μ) (j : ν),
      keep i j → 0 < joint i j → c - η ≤ Cloning.MatrixFidelity.fidelity ((Φ i j).toFun (ρ i).matrix) (σ j).matrix) :
  c * Cloning.BlockFidelity.classicalAffinity (fun j => ∑ i, joint i j) p - η -
      √(∑ j, ∑ i, Cloning.MatrixLiftedTrimming.discardedJoint joint keep i j) ≤
    Cloning.MatrixFidelity.fidelity (Cloning.MatrixLiftedChannel.liftedOutput Φ ρ τ joint)
      (Matrix.blockDiagonal' fun j => Matrix.kroneckerMap (fun x1 x2 => x1 * x2) (p j • (σ j).matrix) (τ j).matrix)
ℹ [3145/3153] Built ProjectorBounds (17s)
info: ProjectorBounds.lean:17:0: Cloning.MatrixFidelity.finite_kraus_projector_converse.{u_2, u_3, u_5, u_6} {κ : Type u_2} {α : Type u_3} [Fintype κ]
  [Fintype α] {ι : Type u_5} [Fintype ι] [DecidableEq ι] {d : ι → Type u_6} [(i : ι) → Fintype (d i)]
  [(i : ι) → DecidableEq (d i)] [DecidableEq α] (K : κ → Matrix (Sigma d) α ℂ) (X B : Matrix α α ℂ)
  (P : (i : ι) → Matrix (d i) (d i) ℂ) (z q D s : ι → ℝ) (hK : ∑ k, (K k).conjTranspose * K k = 1) (hXB : X ≤ B)
  (hP : ∀ (i : ι), (P i).PosSemidef) (hPP : ∀ (i : ι), P i * P i = P i) (hz : ∀ (i : ι), 0 ≤ z i)
  (hq : ∀ (i : ι), 0 ≤ q i) (hD : ∀ (i : ι), 0 < D i) (hs : ∀ (i : ι), 0 < s i)
  (hdim : ∀ (i : ι), D i = ↑(Fintype.card (d i))) (htrace : ∀ (i : ι), (P i).trace.re = s i)
  (hinvariant : Cloning.Channels.krausMap K B = Matrix.blockDiagonal' fun i => (z i / D i) • 1) :
  Cloning.MatrixFidelity.fidelity (Cloning.Channels.krausMap K X) (Matrix.blockDiagonal' fun i => (q i / s i) • P i) ≤
    √(B.trace.re * ∑ i, q i / (D i / s i))
info: ProjectorBounds.lean:18:0: Cloning.YoungDimensionRatio.projector_sector_factor_tendsto (r k : ℕ) (hr : 0 < r) (rowIn rowOut : ℕ → Fin r → ℝ)
  (N M δ ε : ℕ → ℝ) (γ : ℝ) (hNpos : ∀ (n : ℕ), 0 < N n) (hMpos : ∀ (n : ℕ), 0 < M n)
  (hN : Filter.Tendsto N Filter.atTop Filter.atTop) (hγ : 0 < γ)
  (hratio : Filter.Tendsto (fun n => M n / N n) Filter.atTop (nhds γ)) (hδ : Filter.Tendsto δ Filter.atTop (nhds 0))
  (hε : Filter.Tendsto ε Filter.atTop (nhds 0)) (hcloseIn : ∀ (n : ℕ) (i : Fin r), |rowIn n i / N n - 1 / ↑r| ≤ δ n)
  (hcloseOut : ∀ (n : ℕ) (i : Fin r), |rowOut n i / M n - 1 / ↑r| ≤ ε n)
  (hout : ∀ (n : ℕ) (i : Fin r), 0 ≤ rowOut n i) :
  Filter.Tendsto
    (fun n =>
      √(Cloning.YoungDimensionRatio.dimensionRatio r k (rowIn n) /
          Cloning.YoungDimensionRatio.dimensionRatio r k (rowOut n)))
    Filter.atTop (nhds (γ ^ (-↑(r * k) / 2)))
✔ [3146/3153] Built Cloning.OrbitalSeededOptimum (43s)
✔ [3147/3154] Built Cloning.YoungTwoRowAsymptotics (44s)
ℹ [3148/3154] Built OccupationLimits (10s)
info: OccupationLimits.lean:17:0: Cloning.InfiniteOccupationStates.occupation_traceNorm_tendsto.{u_1} {H : Type u_1} [NormedAddCommGroup H]
  [InnerProductSpace ℂ H] [CompleteSpace H] {s : ℕ} (hs : 1 ≤ s) (x : (Fin s → ℕ) → H)
  (hx : ∀ (k : Fin s → ℕ), ‖x k‖ = 1) (m : ℕ → ℕ) {γ : ℝ} (hγ : 1 < γ)
  (h : Filter.Tendsto (fun n => ↑(m n) / ↑n) Filter.atTop (nhds γ)) :
  Filter.Tendsto
    (fun n =>
      Cloning.InfiniteTraceClass.traceNorm
        (↑(Cloning.InfiniteOccupationStates.occupationOperator x n (m n)) -
          ↑(Cloning.InfiniteOccupationStates.thermalOperator x γ))
        ⋯)
    Filter.atTop (nhds 0)
info: OccupationLimits.lean:18:0: Cloning.ComplexCoherent.occupationChannel_coherent_product_tendsto (z : ℂ) :
  Filter.Tendsto
    (fun L =>
      ‖(Cloning.SymmetricOccupation.occupationChannel L).toLinearMap
            (Cloning.InfiniteTraceClass.vectorProjector (Cloning.ComplexCoherent.coherentVector z)) -
          Cloning.InfiniteTraceClass.vectorProjector (Cloning.ComplexCoherent.productTensor z L)‖)
    Filter.atTop (nhds 0)
✔ [3149/3155] Built Cloning.MultimodeLeastNoise (15s)
ℹ [3150/3156] Built CoherentGaussianMixtures (7.2s)
info: CoherentGaussianMixtures.lean:17:0: Cloning.MultimodeCoherentGaussianMixture.integral_coherentProjector_gaussian_eq_productThermal {d : ℕ} {s : Fin d → ℝ}
  (hs : ∀ (i : Fin d), 0 < s i) :
  ∫ (z : Fin d → ℂ),
      Cloning.MultimodeCoherent.coherentProjector z ∂Cloning.MultimodeCoherentGaussianMixture.gaussianProductMeasure s =
    Cloning.InfiniteTraceClass.vectorMixture ⇑(Cloning.MultimodeCoherentGaussianMixture.numberBasis d) fun k =>
      ∏ i, Cloning.Thermal.geometric (s i / (1 + s i)) (k i)
info: CoherentGaussianMixtures.lean:18:0: Cloning.InfiniteDiagonalFidelity.stateFidelity_productGeometric.{u_1} {H : Type u_1} [NormedAddCommGroup H]
  [InnerProductSpace ℂ H] [CompleteSpace H] {s : ℕ} (b : HilbertBasis (Fin s → ℕ) ℂ H) (q x : Fin s → ℝ)
  (hq0 : ∀ (i : Fin s), 0 ≤ q i) (hq1 : ∀ (i : Fin s), q i < 1) (hx0 : ∀ (i : Fin s), 0 ≤ x i)
  (hx1 : ∀ (i : Fin s), x i < 1) :
  Cloning.InfiniteFidelity.stateFidelity (Cloning.InfiniteDiagonalFidelity.productGeometricState b q hq0 hq1)
      (Cloning.InfiniteDiagonalFidelity.productGeometricState b x hx0 hx1) =
    ∏ i, Cloning.Thermal.fidelity (q i) (x i)
✔ [3151/3157] Built Cloning.YoungTwoRowConcentration (12s)
ℹ [3152/3158] Built BosonicSeededOptimum (10s)
info: BosonicSeededOptimum.lean:19:0: Cloning.OrbitalSeededOptimum.isGreatest_payoff {d : ℕ} (p : Cloning.SimpleSpectrum d) {g : ℝ} (hg : 1 < g) :
  IsGreatest (Set.range (Cloning.OrbitalSeededOptimum.payoff p g hg)) (Cloning.orbitalValue g p)
info: BosonicSeededOptimum.lean:20:0: Cloning.MultimodeLeastNoise.productObservable_moment_le {s : ℕ}
  (σ : Cloning.InfiniteTraceClass.TraceClass ↥(Cloning.MultimodeIdler.Fock s)) (hσ : 0 ≤ ↑σ) (q : Fin s → ℝ)
  (hq0 : ∀ (i : Fin s), 0 ≤ q i) (hq1 : ∀ (i : Fin s), q i < 1) (w : Fin s → ℕ → ℝ)
  (hw0 : ∀ (i : Fin s) (k : ℕ), 0 ≤ w i k) (hw : ∀ (i : Fin s), Antitone (w i)) :
  ((Cloning.InfiniteTraceClass.tracePairing ((Cloning.MultimodeIdler.channel q hq0 hq1).toLinearMap σ))
        (Cloning.MultimodeLeastNoise.productObservable w hw0 hw)).re ≤
    (Cloning.InfiniteTraceClass.trace ↑σ ⋯).re *
      ((Cloning.InfiniteTraceClass.tracePairing
            (Cloning.InfiniteTraceClass.vectorMixture (⇑(Cloning.MultimodeIdler.numberBasis s))
              (Cloning.ThermalWitness.productGeometric q)))
          (Cloning.MultimodeLeastNoise.productObservable w hw0 hw)).re
info: BosonicSeededOptimum.lean:21:0: Cloning.BosonicAmplifier.stateFidelity_channel_gain (g q : ℝ) (hg : 1 < g) (hq0 : 0 ≤ q) (hq1 : q < 1) :
  Cloning.InfiniteFidelity.stateFidelity
      (Cloning.InfiniteDiagonalFidelity.geometricState Cloning.BosonicAmplifier.numberBasis q hq0 hq1)
      ((Cloning.BosonicAmplifier.channel (1 - 1 / g) ⋯ ⋯).mapState
        (Cloning.InfiniteDiagonalFidelity.geometricState Cloning.BosonicAmplifier.numberBasis q hq0 hq1)) =
    Cloning.Thermal.modeFactor g q
ℹ [3153/3158] Built QuantumFidelity (9.4s)
info: QuantumFidelity.lean:18:0: Cloning.InfiniteFidelity.fidelity_data_processing.{u_1, u_2} {H : Type u_1} {K : Type u_2} [NormedAddCommGroup H]
  [InnerProductSpace ℂ H] [CompleteSpace H] [NormedAddCommGroup K] [InnerProductSpace ℂ K] [CompleteSpace K]
  (Φ : Cloning.InfiniteTraceClass.QuantumChannel H K) (A B : Cloning.InfiniteTraceClass.TraceClass H) (hA : 0 ≤ ↑A)
  (hB : 0 ≤ ↑B) :
  Cloning.InfiniteFidelity.fidelity (↑A) (↑B) hA hB ⋯ ⋯ ≤
    Cloning.InfiniteFidelity.fidelity ↑(Φ.toLinearMap A) ↑(Φ.toLinearMap B) ⋯ ⋯ ⋯ ⋯
info: QuantumFidelity.lean:19:0: Cloning.InfiniteFidelity.stateFidelity_continuity.{u_1} {H : Type u_1} [NormedAddCommGroup H] [InnerProductSpace ℂ H]
  [CompleteSpace H] (ρ σ ρ' σ' : Cloning.InfiniteTraceClass.DensityState H) :
  |Cloning.InfiniteFidelity.stateFidelity ρ σ - Cloning.InfiniteFidelity.stateFidelity ρ' σ'| ≤
    √(Cloning.InfiniteFidelity.stateTraceDistance ρ ρ') + √(Cloning.InfiniteFidelity.stateTraceDistance σ σ')
info: QuantumFidelity.lean:20:0: Cloning.InfiniteFidelity.fidelity_deletion_bound.{u_1} {H : Type u_1} [NormedAddCommGroup H] [InnerProductSpace ℂ H]
  [CompleteSpace H] {A G B : H →L[ℂ] H} (hA : 0 ≤ A) (hG : 0 ≤ G) (hB : 0 ≤ B)
  (hTA : Cloning.InfiniteTraceClass.IsTraceClass A) (hTG : Cloning.InfiniteTraceClass.IsTraceClass G)
  (hTB : Cloning.InfiniteTraceClass.IsTraceClass B) (hGA : G ≤ A) :
  |Cloning.InfiniteFidelity.fidelity A B hA hB hTA hTB - Cloning.InfiniteFidelity.fidelity G B hG hB hTG hTB| ≤
    √((Cloning.InfiniteTraceClass.trace A hTA).re - (Cloning.InfiniteTraceClass.trace G hTG).re) *
      √(Cloning.InfiniteTraceClass.trace B hTB).re
info: QuantumFidelity.lean:21:0: Cloning.InfiniteFidelity.fidelity_sq_le_of_regularized_inverse_moment.{u_1} {H : Type u_1} [NormedAddCommGroup H]
  [InnerProductSpace ℂ H] [CompleteSpace H] {A B W : H →L[ℂ] H} (hA : 0 ≤ A) (hB : 0 ≤ B) (hW : 0 ≤ W)
  (hTA : Cloning.InfiniteTraceClass.IsTraceClass A) (hTB : Cloning.InfiniteTraceClass.IsTraceClass B) {M : ℝ}
  (hM : 0 ≤ M)
  (hInv :
    ∀ (ε : ℝ),
      0 < ε →
        (Cloning.InfiniteTraceClass.trace (B * CFC.rpow (Cloning.InfiniteFidelity.regularizedWeight W ε) (-1)) ⋯).re ≤
          M) :
  Cloning.InfiniteFidelity.fidelity A B hA hB hTA hTB ^ 2 ≤ (Cloning.InfiniteTraceClass.trace (A * W) ⋯).re * M
✔ [3154/3158] Built Cloning (11s)
ℹ [3156/3161] Built ClassicalRounding (11s)
info: ClassicalRounding.lean:19:0: Cloning.YoungRounding.roundedDensity_l1_of_local_limit.{u_1} {ι : Type u_1} [Fintype ι] (h γ : ℕ → ℝ) (a : ℕ → ι → ℝ)
  (p : ℕ → PMF (ι → ℤ)) (hh : ∀ (n : ℕ), 0 < h n) (hγ : ∀ (n : ℕ), 0 < γ n)
  (hlim : Filter.Tendsto h Filter.atTop (nhds 0)) {g : (ι → ℝ) → ℝ}
  (hg : MeasureTheory.Integrable g MeasureTheory.volume) (hg0 : ∀ (x : ι → ℝ), 0 ≤ g x) (hgc : Continuous g)
  (hgmass : ∫ (x : ι → ℝ), g x = 1)
  (hlocal :
    ∀ (k δ : ℝ),
      0 < δ →
        ∀ᶠ (n : ℕ) in Filter.atTop,
          ∀ x ∈ Metric.closedBall 0 k, |Cloning.YoungRounding.preRoundedDensity (h n) (a n) (γ n) (p n) x - g x| ≤ δ)
  (ε : ℝ) :
  0 < ε →
    ∀ᶠ (n : ℕ) in Filter.atTop,
      ∫ (x : ι → ℝ), |Cloning.YoungRounding.roundedDensity (h n) (a n) (γ n) (p n) x - g x| < ε
info: ClassicalRounding.lean:20:0: Cloning.YoungRounding.rounding_intertwining_scaled.{u_1} {ι : Type u_1} [Fintype ι] (h : ℝ) (hh : 0 < h) (a : ι → ℝ)
  (γ : ℝ) (hγ : 0 < γ) (p : PMF (ι → ℤ)) :
  Cloning.YoungRounding.roundedDensity h a γ p =
    Cloning.YoungRounding.scaledCellAverage h a (Cloning.YoungRounding.preRoundedDensity h a γ p)
info: ClassicalRounding.lean:21:0: Cloning.GaussianAffinity.integral_product_dilation_eq_classicalValue {d : ℕ} (hd : 1 ≤ d) (a : Fin (d - 1) → ℝ)
  (ha : ∀ (i : Fin (d - 1)), 0 < a i) {g : ℝ} (hg : 0 < g) :
  ∫ (x : Fin (d - 1) → ℝ),
      √(Cloning.GaussianAffinity.productDensity a x) * √(Cloning.GaussianAffinity.productDensity (fun i => a i / g) x) =
    Cloning.classicalValue g d
info: ClassicalRounding.lean:22:0: Cloning.YoungTwoRow.meanDimensionRatio_relative_isBigO (k : ℕ) :
  (fun N =>
      Cloning.YoungTwoRow.meanDimensionRatio k N / (Cloning.YoungDimensionRatio.leadingConstant 2 k * ↑N ^ (2 * k)) -
        1) =O[Filter.atTop]
    fun N => 1 / ↑N
info: ClassicalRounding.lean:23:0: Cloning.YoungTwoRow.meanInverseDimensionRatio_relative_isBigO (k : ℕ) :
  (fun N =>
      Cloning.YoungDimensionRatio.leadingConstant 2 k * ↑N ^ (2 * k) *
          Cloning.YoungTwoRow.meanInverseDimensionRatio k N -
        1) =O[Filter.atTop]
    fun N => 1 / ↑N
ℹ [3157/3161] Built LANTransfer (35s)
info: LANTransfer.lean:16:0: Cloning.InfiniteLANTransfer.fidelity_transfer.{u_1, u_2, u_3, u_4} {A : Type u_1} {B : Type u_2} {G : Type u_3}
  {H : Type u_4} [NormedAddCommGroup A] [InnerProductSpace ℂ A] [CompleteSpace A] [NormedAddCommGroup B]
  [InnerProductSpace ℂ B] [CompleteSpace B] [NormedAddCommGroup G] [InnerProductSpace ℂ G] [CompleteSpace G]
  [NormedAddCommGroup H] [InnerProductSpace ℂ H] [CompleteSpace H] (S : Cloning.InfiniteTraceClass.QuantumChannel G A)
  (M : Cloning.InfiniteTraceClass.QuantumChannel A B) (T : Cloning.InfiniteTraceClass.QuantumChannel B H)
  (ρ : Cloning.InfiniteTraceClass.DensityState A) (σ : Cloning.InfiniteTraceClass.DensityState B)
  (Φ : Cloning.InfiniteTraceClass.DensityState G) (Ψ : Cloning.InfiniteTraceClass.DensityState H) {δ η : ℝ}
  (hδ : Cloning.InfiniteFidelity.stateTraceDistance (Cloning.InfiniteLANTransfer.mapState S Φ) ρ ≤ δ)
  (hη : Cloning.InfiniteFidelity.stateTraceDistance (Cloning.InfiniteLANTransfer.mapState T σ) Ψ ≤ η) :
  Cloning.InfiniteFidelity.stateFidelity (Cloning.InfiniteLANTransfer.mapState M ρ) σ ≤
    Cloning.InfiniteFidelity.stateFidelity
          (Cloning.InfiniteLANTransfer.mapState T
            (Cloning.InfiniteLANTransfer.mapState M (Cloning.InfiniteLANTransfer.mapState S Φ)))
          Ψ +
        √δ +
      √η
info: LANTransfer.lean:17:0: Cloning.InfiniteLANTransfer.minimax_le_bayesValue.{u_1, u_2, u_3, u_4, u_5, u_6, u_7} {A : Type u_1} {B : Type u_2}
  {G : Type u_3} {H : Type u_4} [NormedAddCommGroup A] [InnerProductSpace ℂ A] [CompleteSpace A] [NormedAddCommGroup B]
  [InnerProductSpace ℂ B] [CompleteSpace B] [NormedAddCommGroup G] [InnerProductSpace ℂ G] [CompleteSpace G]
  [NormedAddCommGroup H] [InnerProductSpace ℂ H] [CompleteSpace H] {I : Type u_5} {P : Type u_6} {Θ : Type u_7}
  [Nonempty I] [MeasurableSpace Θ] (prior : MeasureTheory.Measure Θ) [MeasureTheory.IsProbabilityMeasure prior]
  (S : Cloning.InfiniteTraceClass.QuantumChannel G A) (M : I → Cloning.InfiniteTraceClass.QuantumChannel A B)
  (T : Cloning.InfiniteTraceClass.QuantumChannel B H) (ρ : P → Cloning.InfiniteTraceClass.DensityState A)
  (σ : P → Cloning.InfiniteTraceClass.DensityState B) (Φ : Θ → Cloning.InfiniteTraceClass.DensityState G)
  (Ψ : Θ → Cloning.InfiniteTraceClass.DensityState H) (localChart : Θ → P) (δ η : ℝ)
  (hδ :
    ∀ (θ : Θ),
      Cloning.InfiniteFidelity.stateTraceDistance (Cloning.InfiniteLANTransfer.mapState S (Φ θ)) (ρ (localChart θ)) ≤ δ)
  (hη :
    ∀ (θ : Θ),
      Cloning.InfiniteFidelity.stateTraceDistance (Cloning.InfiniteLANTransfer.mapState T (σ (localChart θ))) (Ψ θ) ≤ η)
  (hintegrable :
    ∀ (N : Cloning.InfiniteTraceClass.QuantumChannel G H),
      MeasureTheory.Integrable
        (fun θ => Cloning.InfiniteFidelity.stateFidelity (Cloning.InfiniteLANTransfer.mapState N (Φ θ)) (Ψ θ)) prior) :
  (Cloning.LAN.minimaxValue fun i p =>
      Cloning.InfiniteFidelity.stateFidelity (Cloning.InfiniteLANTransfer.mapState (M i) (ρ p)) (σ p)) ≤
    (Cloning.LAN.bayesValue prior fun N θ =>
        Cloning.InfiniteFidelity.stateFidelity (Cloning.InfiniteLANTransfer.mapState N (Φ θ)) (Ψ θ)) +
      (√δ + √η)
ℹ [3158/3161] Built CompactCPLimits (36s)
info: CompactCPLimits.lean:17:0: Cloning.InfiniteTraceClass.exists_subsequence_covariant_cp_limit_of_limsup_trace_bound.{u_1, u_2, u_3} {H : Type u_1}
  {K : Type u_2} [NormedAddCommGroup H] [InnerProductSpace ℂ H] [CompleteSpace H] [TopologicalSpace.SeparableSpace H]
  [NormedAddCommGroup K] [InnerProductSpace ℂ K] [CompleteSpace K] [TopologicalSpace.SeparableSpace K] {G : Type u_3}
  (L : ℕ → Cloning.InfiniteTraceClass.TraceClass H →L[ℂ] Cloning.InfiniteTraceClass.TraceClass K) (M c : ℝ)
  (hbound : ∀ (n : ℕ), ‖L n‖ ≤ M) (hcp : ∀ (n : ℕ), Cloning.InfiniteTraceClass.IsCompletelyPositive ↑(L n))
  (htrace :
    ∀ (A : Cloning.InfiniteTraceClass.TraceClass H),
      0 ≤ ↑A →
        Filter.limsup (fun n => (Cloning.InfiniteTraceClass.traceCLM ((L n) A)).re) Filter.atTop ≤
          c * (Cloning.InfiniteTraceClass.traceCLM A).re)
  (U : G → H →L[ℂ] H) (V : G → K →L[ℂ] K)
  (hdefect :
    ∀ (g : G) (A : Cloning.InfiniteTraceClass.TraceClass H),
      Filter.Tendsto
        (fun n =>
          ‖(L n) ((Cloning.InfiniteTraceClass.sandwichCLM (U g) (star (U g))) A) -
              (Cloning.InfiniteTraceClass.sandwichCLM (V g) (star (V g))) ((L n) A)‖)
        Filter.atTop (nhds 0)) :
  ∃ Ψ,
    Cloning.InfiniteTraceClass.IsCompletelyPositive Ψ ∧
      (∀ (A : Cloning.InfiniteTraceClass.TraceClass H),
          0 ≤ ↑A → (Cloning.InfiniteTraceClass.traceCLM (Ψ A)).re ≤ c * (Cloning.InfiniteTraceClass.traceCLM A).re) ∧
        (∀ (g : G) (A : Cloning.InfiniteTraceClass.TraceClass H),
            Ψ ((Cloning.InfiniteTraceClass.sandwichCLM (U g) (star (U g))) A) =
              (Cloning.InfiniteTraceClass.sandwichCLM (V g) (star (V g))) (Ψ A)) ∧
          ∃ φ,
            StrictMono φ ∧
              (∀ (A : Cloning.InfiniteTraceClass.TraceClass H) (x y : K),
                  Filter.Tendsto (fun n => inner ℂ x (↑((L (φ n)) A) y)) Filter.atTop (nhds (inner ℂ x (↑(Ψ A) y)))) ∧
                ∀ (A : Cloning.InfiniteTraceClass.TraceClass H) (O : K →L[ℂ] K),
                  IsCompactOperator ⇑O →
                    Filter.Tendsto (fun n => (Cloning.InfiniteTraceClass.tracePairing ((L (φ n)) A)) O) Filter.atTop
                      (nhds ((Cloning.InfiniteTraceClass.tracePairing (Ψ A)) O))
info: CompactCPLimits.lean:18:0: Cloning.InfiniteTraceClass.QuantumChannel.finiteBasisCutoff_tendstoUniformlyOn.{u_1, u_2} {H : Type u_1}
  [NormedAddCommGroup H] [InnerProductSpace ℂ H] [CompleteSpace H] {ι : Type u_2} [DecidableEq ι]
  (b : HilbertBasis ι ℂ H) (i₀ : ι) {S : Set (Cloning.InfiniteTraceClass.TraceClass H)} (hS : IsCompact S)
  (hpos : ∀ A ∈ S, 0 ≤ ↑A) :
  TendstoUniformlyOn (fun s => ⇑(Cloning.InfiniteTraceClass.QuantumChannel.finiteBasisCutoff b i₀ s).toLinearMap)
    (fun A => A) Filter.atTop S
ℹ [3159/3161] Built ConditionalCloningTheorems (16s)
info: ConditionalCloningTheorems.lean:16:0: Cloning.known_spectrum_optimum_of_bounds.{u_1, u_2} {d : ℕ} {g : ℝ} (p : Cloning.SimpleSpectrum d) {I : ℕ → Type u_1}
  {Orbit : Type u_2} [Nonempty Orbit] (payoff : (n : ℕ) → I n → Orbit → ℝ) (candidate : (n : ℕ) → I n) (a b : ℕ → ℝ)
  (error : ℕ → ℕ → ℝ) (hzero : ∀ (n : ℕ) (i : I n) (u : Orbit), 0 ≤ payoff n i u)
  (hone : ∀ (n : ℕ) (i : I n) (u : Orbit), payoff n i u ≤ 1)
  (hcandidate : ∀ (n : ℕ) (u : Orbit), a n ≤ payoff n (candidate n) u)
  (ha : Filter.Tendsto a Filter.atTop (nhds (Cloning.orbitalValue g p)))
  (hupper : ∀ (L : ℕ), ∀ᶠ (n : ℕ) in Filter.atTop, Cloning.LAN.minimaxValue (payoff n) ≤ b L + error L n)
  (herror : ∀ (L : ℕ), Filter.Tendsto (error L) Filter.atTop (nhds 0))
  (hb : Filter.Tendsto b Filter.atTop (nhds (Cloning.orbitalValue g p))) :
  Filter.Tendsto (fun n => Cloning.LAN.minimaxValue (payoff n)) Filter.atTop (nhds (Cloning.orbitalValue g p))
info: ConditionalCloningTheorems.lean:17:0: Cloning.unknown_spectrum_optimum_of_bounds.{u_1, u_2} {d : ℕ} {g : ℝ} (hg : 1 < g) {I : ℕ → Type u_1} {P : Type u_2}
  [Nonempty P] (spectrum : P → Cloning.SimpleSpectrum d) (payoff : (n : ℕ) → I n → P → ℝ) (candidate : (n : ℕ) → I n)
  (δ b : ℕ → ℝ) (error : ℕ → ℕ → ℝ) (hzero : ∀ (n : ℕ) (i : I n) (p : P), 0 ≤ payoff n i p)
  (hone : ∀ (n : ℕ) (i : I n) (p : P), payoff n i p ≤ 1)
  (hcandidate : ∀ (n : ℕ) (p : P), |payoff n (candidate n) p - Cloning.universalValue g (spectrum p)| ≤ δ n)
  (hδ : Filter.Tendsto δ Filter.atTop (nhds 0))
  (hupper : ∀ (L : ℕ), ∀ᶠ (n : ℕ) in Filter.atTop, Cloning.LAN.minimaxValue (payoff n) ≤ b L + error L n)
  (herror : ∀ (L : ℕ), Filter.Tendsto (error L) Filter.atTop (nhds 0))
  (hb : Filter.Tendsto b Filter.atTop (nhds (⨅ p, Cloning.universalValue g (spectrum p)))) :
  Filter.Tendsto (fun n => Cloning.LAN.minimaxValue (payoff n)) Filter.atTop
    (nhds (⨅ p, Cloning.universalValue g (spectrum p)))
info: ConditionalCloningTheorems.lean:18:0: Cloning.pctValue_lt_universalValue {d : ℕ} (hd : 2 ≤ d) {g : ℝ} (hg : 1 < g) (p : Cloning.SimpleSpectrum d) :
  Cloning.pctValue g p < Cloning.universalValue g p
✔ [3160/3161] Built All (36s)
Build completed successfully (3161 jobs).
