CHECK Cloning/BlockFidelity.lean
CHECK Cloning/Rounding.lean
CHECK Cloning/ClassicalFidelity.lean
CHECK Cloning/Thermal.lean
Cloning/Thermal.lean:423:4: warning: try 'simp' instead of 'simpa'

Note: This linter can be disabled with `set_option linter.unnecessarySimpa false`
CHECK Cloning/CountableScheffe.lean
CHECK Cloning/PoissonApproximation.lean
CHECK Cloning/CoherentCoefficients.lean
CHECK Cloning/BosonicAmplifier.lean
CHECK Cloning/InfiniteTraceClass.lean
CHECK Cloning/InfiniteTraceClassPolar.lean
CHECK Cloning/InfiniteHilbertSchmidt.lean
CHECK Cloning/InfiniteTraceClassBasis.lean
CHECK Cloning/InfiniteTraceClassIdeal.lean
CHECK Cloning/InfiniteTraceClassNormBounds.lean
CHECK Cloning/InfiniteTraceClassSpace.lean
CHECK Cloning/InfiniteTraceClassBanach.lean
CHECK Cloning/InfiniteTraceClassAlgebra.lean
CHECK Cloning/InfiniteDensityState.lean
CHECK Cloning/InfiniteTraceClassPositive.lean
CHECK Cloning/InfiniteTraceClassChannels.lean
CHECK Cloning/InfiniteTraceClassSeries.lean
CHECK Cloning/InfiniteTraceClassCutoff.lean
CHECK Cloning/InfiniteTraceClassDecomposition.lean
CHECK Cloning/InfiniteCompletelyPositive.lean
CHECK Cloning/InfiniteTraceClassWeakLimit.lean
CHECK Cloning/InfiniteChannelWeakLimit.lean
CHECK Cloning/InfiniteChannelTraceRepair.lean
CHECK Cloning/InfiniteChannelCovariance.lean
CHECK Cloning/Occupation.lean
CHECK Cloning/InfiniteKrausChannel.lean
CHECK Cloning/WernerNormalization.lean
CHECK Cloning/WernerAsymptotics.lean
CHECK Cloning/InfiniteOccupationStates.lean
CHECK Cloning/BosonicAmplifierChannel.lean
CHECK Cloning/BosonicNumberLaw.lean
CHECK Cloning/InfinitePureStateContinuity.lean
CHECK Cloning/InfiniteTraceClassCutoffConvergence.lean
CHECK Cloning/InfiniteFidelity.lean
CHECK Cloning/InfiniteFidelityWeighted.lean
CHECK Cloning/MatrixFidelity.lean
CHECK Cloning/MatrixTraceOrder.lean
CHECK Cloning/InfiniteHilbertSchmidtPositive.lean
CHECK Cloning/InfinitePowersStormer.lean
CHECK Cloning/MatrixFidelityBounds.lean
CHECK Cloning/InfiniteFidelityContinuity.lean
CHECK Cloning/MatrixRegularization.lean
CHECK Cloning/MatrixFidelityEmbedding.lean
CHECK Cloning/MatrixFidelityTraceBound.lean
CHECK Cloning/MatrixFidelitySymmetry.lean
CHECK Cloning/MatrixFidelityWitness.lean
CHECK Cloning/MatrixFidelityBlockBound.lean
CHECK Cloning/InfiniteFiniteCorner.lean
CHECK Cloning/InfiniteFidelityBlockBound.lean
CHECK Cloning/MatrixFidelityScaling.lean
CHECK Cloning/InfiniteDiagonalFidelity.lean
CHECK Cloning/BosonicAmplifierThermal.lean
CHECK Cloning/BosonicIdlerChannel.lean
CHECK Cloning/Channels.lean
CHECK Cloning/Compression.lean
CHECK Cloning/CartanChannel.lean
CHECK Cloning/LAN.lean
CHECK Cloning/Main.lean
CHECK Cloning/GaussianAffinity.lean
CHECK Cloning/InfiniteTraceClassNormalPart.lean
CHECK Cloning/InfiniteTraceClassCompactness.lean
CHECK Cloning/InfiniteTraceClassFamilyCompactness.lean
CHECK Cloning/InfiniteTraceClassSeparable.lean
CHECK Cloning/InfiniteTraceClassPairing.lean
CHECK Cloning/InfiniteBilinearWeakClosure.lean
CHECK Cloning/InfiniteChannelCompactness.lean
CHECK Cloning/InfiniteChannelLimitReconstruction.lean
CHECK Cloning/InfiniteTraceBoundedMaps.lean
CHECK Cloning/InfiniteCompactObservableLimit.lean
CHECK Cloning/InfiniteCompletelyPositiveCompactness.lean
CHECK Cloning/InfiniteTraceClassAsymptoticBound.lean
CHECK Cloning/InfiniteChannelAdjoint.lean
CHECK Cloning/InfiniteAsymptoticCPCompactness.lean
CHECK Cloning/InfiniteFidelityWitness.lean
CHECK Cloning/InfiniteChannelFidelity.lean
CHECK Cloning/InfiniteCompactObservableExtraction.lean
CHECK Cloning/InfiniteCutoffChannels.lean
CHECK Cloning/InfiniteFidelityRegularized.lean
CHECK Cloning/InfiniteIsometricChannel.lean
CHECK Cloning/InfiniteLANTransfer.lean
CHECK Cloning/InfiniteRectangularKraus.lean
CHECK Cloning/InfiniteWeakLimitRepair.lean
CHECK Cloning/MatrixChannelFidelity.lean
CHECK Cloning/MatrixFidelityBlocks.lean
CHECK Cloning/MatrixFidelityTensor.lean
CHECK Cloning/MatrixFidelityNormalization.lean
CHECK Cloning/MatrixFidelityLifted.lean
CHECK Cloning/MatrixLiftedChannel.lean
CHECK Cloning/Projector.lean
CHECK Cloning/MatrixFidelityProjector.lean
CHECK Cloning/MatrixSqrtSubadditivity.lean
CHECK Cloning/MatrixFidelityDeletion.lean
CHECK Cloning/MatrixFidelityContinuity.lean
CHECK Cloning/MatrixTraceNormOrder.lean
CHECK Cloning/MatrixChannelTraceNorm.lean
CHECK Cloning/MatrixPartialTraceCovariance.lean
CHECK Cloning/MatrixCovariantBalance.lean
CHECK Cloning/MatrixDiscardLabel.lean
CHECK Cloning/MatrixFidelityAchievability.lean
CHECK Cloning/MatrixFidelityAsymptotics.lean
CHECK Cloning/MatrixFidelityJointConcavity.lean
CHECK Cloning/MatrixFidelityLimit.lean
CHECK Cloning/MatrixFidelityMixtures.lean
CHECK Cloning/MatrixLANTransfer.lean
CHECK Cloning/MatrixLiftedTrimming.lean
CHECK Cloning/MatrixTransitionAchievability.lean
CHECK Cloning/MatrixWeightedFidelity.lean
CHECK Cloning/Moments.lean
CHECK Cloning/MultimodeIdler.lean
CHECK Cloning/ThermalWitness.lean
CHECK Cloning/ThermalIdlerFidelity.lean
CHECK Cloning/MultimodeThermalIdlerFidelity.lean
CHECK Cloning/SymmetricOccupation.lean
CHECK Cloning/OccupationCompression.lean
Cloning/OccupationCompression.lean:73:25: warning: Used `tac1 <;> tac2` where `(tac1; tac2)` would suffice

Note: This linter can be disabled with `set_option linter.unnecessarySeqFocus false`
CHECK Cloning/YoungDimensionRatio.lean
CHECK Cloning/OccupationChannel.lean
CHECK Cloning/YoungDimensionSecondOrder.lean
CHECK Cloning/YoungRounding.lean
CHECK Cloning/YoungTwoRowMoment.lean
CHECK Cloning/YoungTwoRowAsymptotics.lean
CHECK Cloning.lean
