\BOOKMARK [1][-]{section.1}{\376\377\000I\000n\000t\000r\000o\000d\000u\000c\000t\000i\000o\000n}{}% 1
\BOOKMARK [2][-]{subsection.1.1}{\376\377\000R\000e\000s\000u\000l\000t\000s}{section.1}% 2
\BOOKMARK [2][-]{subsection.1.2}{\376\377\000R\000e\000m\000a\000r\000k\000s}{section.1}% 3
\BOOKMARK [2][-]{subsection.1.3}{\376\377\000C\000o\000m\000p\000a\000r\000i\000s\000o\000n\000\040\000t\000o\000\040\000p\000u\000r\000i\000f\000y\000-\000a\000n\000d\000-\000c\000l\000o\000n\000e}{section.1}% 4
\BOOKMARK [2][-]{subsection.1.4}{\376\377\000E\000a\000r\000l\000i\000e\000r\000\040\000a\000n\000d\000\040\000r\000e\000l\000a\000t\000e\000d\000\040\000w\000o\000r\000k}{section.1}% 5
\BOOKMARK [2][-]{subsection.1.5}{\376\377\000O\000r\000g\000a\000n\000i\000z\000a\000t\000i\000o\000n}{section.1}% 6
\BOOKMARK [1][-]{section*.17}{\376\377\000G\000l\000o\000s\000s\000a\000r\000y\000\040\000o\000f\000\040\000n\000o\000t\000a\000t\000i\000o\000n}{}% 7
\BOOKMARK [1][-]{section.2}{\376\377\000S\000c\000h\000u\000r\040\023\000C\000a\000r\000t\000a\000n\000\040\000i\000n\000g\000r\000e\000d\000i\000e\000n\000t\000s\000\040\000o\000n\000\040\000t\000h\000e\000\040\000p\000o\000s\000i\000t\000i\000v\000e\000\040\000s\000u\000p\000p\000o\000r\000t}{}% 8
\BOOKMARK [2][-]{subsection.2.1}{\376\377\000S\000c\000h\000u\000r\040\023\000W\000e\000y\000l\000\040\000d\000e\000c\000o\000m\000p\000o\000s\000i\000t\000i\000o\000n}{section.2}% 9
\BOOKMARK [2][-]{subsection.2.2}{\376\377\000C\000a\000r\000t\000a\000n\000-\000s\000e\000c\000t\000o\000r\000\040\000c\000h\000a\000n\000n\000e\000l\000\040\000a\000n\000d\000\040\000l\000i\000f\000t\000i\000n\000g\000\040\000o\000f\000\040\000a\000\040\000l\000a\000b\000e\000l\000\040\000k\000e\000r\000n\000e\000l}{section.2}% 10
\BOOKMARK [2][-]{subsection.2.3}{\376\377\000K\000n\000o\000w\000n\000\040\000s\000p\000e\000c\000t\000r\000u\000m\000:\000\040\000e\000x\000a\000c\000t\000\040\000t\000a\000r\000g\000e\000t\000-\000l\000a\000b\000e\000l\000\040\000s\000a\000m\000p\000l\000i\000n\000g}{section.2}% 11
\BOOKMARK [2][-]{subsection.2.4}{\376\377\000U\000n\000k\000n\000o\000w\000n\000\040\000s\000p\000e\000c\000t\000r\000u\000m\000:\000\040\000r\000a\000n\000d\000o\000m\000i\000z\000e\000d\000\040\000r\000o\000u\000n\000d\000i\000n\000g}{section.2}% 12
\BOOKMARK [2][-]{subsection.2.5}{\376\377\000S\000e\000c\000t\000o\000r\000\040\000a\000n\000d\000\040\000l\000a\000b\000e\000l\000\040\000a\000s\000y\000m\000p\000t\000o\000t\000i\000c\000s}{section.2}% 13
\BOOKMARK [1][-]{section.3}{\376\377\000G\000a\000u\000s\000s\000i\000a\000n\000\040\000a\000n\000d\000\040\000L\000A\000N\000\040\000i\000n\000g\000r\000e\000d\000i\000e\000n\000t\000s\000\040\000o\000n\000\040\000t\000h\000e\000\040\000p\000o\000s\000i\000t\000i\000v\000e\000\040\000s\000u\000p\000p\000o\000r\000t}{}% 14
\BOOKMARK [2][-]{subsection.3.1}{\376\377\000L\000o\000c\000a\000l\000\040\000c\000o\000o\000r\000d\000i\000n\000a\000t\000e\000s}{section.3}% 15
\BOOKMARK [2][-]{subsection.3.2}{\376\377\000G\000a\000u\000s\000s\000i\000a\000n\000\040\000a\000m\000p\000l\000i\000f\000i\000c\000a\000t\000i\000o\000n}{section.3}% 16
\BOOKMARK [2][-]{subsection.3.3}{\376\377\000L\000A\000N\000\040\000t\000r\000a\000n\000s\000f\000e\000r}{section.3}% 17
\BOOKMARK [1][-]{section.4}{\376\377\000F\000i\000x\000e\000d\000-\000r\000a\000n\000k\000\040\000c\000l\000o\000n\000i\000n\000g\000\040\000i\000n\000\040\000a\000m\000b\000i\000e\000n\000t\000\040\000d\000i\000m\000e\000n\000s\000i\000o\000n}{}% 18
\BOOKMARK [2][-]{subsection.4.1}{\376\377\000E\000x\000a\000c\000t\000\040\000r\000a\000n\000k\000\040\000c\000o\000m\000p\000r\000e\000s\000s\000i\000o\000n}{section.4}% 19
\BOOKMARK [2][-]{subsection.4.2}{\376\377\000R\000a\000n\000k\000-\000a\000w\000a\000r\000e\000\040\000l\000a\000b\000e\000l\000\040\000p\000r\000o\000c\000e\000s\000s\000i\000n\000g\000\040\000a\000n\000d\000\040\000a\000c\000h\000i\000e\000v\000a\000b\000i\000l\000i\000t\000y}{section.4}% 20
\BOOKMARK [3][-]{subsubsection.4.2.1}{\376\377\000K\000n\000o\000w\000n\000\040\000s\000p\000e\000c\000t\000r\000u\000m}{subsection.4.2}% 21
\BOOKMARK [3][-]{subsubsection.4.2.2}{\376\377\000U\000n\000k\000n\000o\000w\000n\000\040\000s\000p\000e\000c\000t\000r\000u\000m\000\040\000o\000f\000\040\000k\000n\000o\000w\000n\000\040\000r\000a\000n\000k}{subsection.4.2}% 22
\BOOKMARK [2][-]{subsection.4.3}{\376\377\000F\000i\000x\000e\000d\000-\000r\000a\000n\000k\000\040\000L\000A\000N\000\040\000a\000n\000d\000\040\000t\000h\000e\000\040\000c\000o\000n\000v\000e\000r\000s\000e\000s}{section.4}% 23
\BOOKMARK [3][-]{subsubsection.4.3.1}{\376\377\000G\000a\000u\000s\000s\000i\000a\000n\000\040\000a\000m\000p\000l\000i\000f\000i\000c\000a\000t\000i\000o\000n\000\040\000w\000i\000t\000h\000\040\000t\000h\000e\000r\000m\000a\000l\000\040\000a\000n\000d\000\040\000v\000a\000c\000u\000u\000m\000\040\000m\000o\000d\000e\000s}{subsection.4.3}% 24
\BOOKMARK [1][-]{section.5}{\376\377\000T\000h\000e\000\040\000G\000r\000a\000s\000s\000m\000a\000n\000n\000i\000a\000n\000\040\000p\000r\000o\000j\000e\000c\000t\000o\000r\000\040\000o\000r\000b\000i\000t}{}% 25
\BOOKMARK [2][-]{subsection.5.1}{\376\377\000E\000x\000a\000c\000t\000\040\000s\000e\000c\000t\000o\000r\000\040\000c\000a\000l\000c\000u\000l\000a\000t\000i\000o\000n}{section.5}% 26
\BOOKMARK [2][-]{subsection.5.2}{\376\377\000A\000\040\000c\000o\000m\000p\000a\000t\000i\000b\000l\000e\000\040\000e\000x\000a\000c\000t\000-\000m\000a\000r\000g\000i\000n\000a\000l\000\040\000c\000o\000u\000p\000l\000i\000n\000g\000\040\000o\000f\000\040\000f\000l\000a\000t\000\040\000S\000c\000h\000u\000r\000\040\000l\000a\000w\000s}{section.5}% 27
\BOOKMARK [2][-]{subsection.5.3}{\376\377\000D\000i\000r\000e\000c\000t\000\040\000f\000i\000n\000i\000t\000e\000-\000d\000i\000m\000e\000n\000s\000i\000o\000n\000a\000l\000\040\000c\000o\000n\000v\000e\000r\000s\000e}{section.5}% 28
\BOOKMARK [1][-]{appendix.A}{\376\377\000S\000t\000r\000i\000c\000t\000\040\000c\000o\000m\000p\000a\000r\000i\000s\000o\000n\000\040\000w\000i\000t\000h\000\040\000p\000u\000r\000i\000f\000y\040\023\000c\000l\000o\000n\000e\040\023\000t\000r\000a\000c\000e}{}% 29
\BOOKMARK [2][-]{subsection.A.1}{\376\377\000S\000i\000m\000p\000l\000e\000\040\000s\000p\000e\000c\000t\000r\000a\000\040\000o\000n\000\040\000t\000h\000e\000\040\000p\000o\000s\000i\000t\000i\000v\000e\000\040\000s\000u\000p\000p\000o\000r\000t}{appendix.A}% 30
\BOOKMARK [3][-]{subsubsection.A.1.1}{\376\377\000P\000a\000r\000t\000i\000a\000l\000\040\000t\000r\000a\000c\000e\000\040\000f\000o\000l\000l\000o\000w\000e\000d\000\040\000b\000y\000\040\000i\000n\000t\000e\000r\000i\000o\000r\000\040\000L\000A\000N}{subsection.A.1}% 31
\BOOKMARK [3][-]{subsubsection.A.1.2}{\376\377\000T\000h\000e\000\040\000F\000o\000c\000k\000\040\000l\000i\000m\000i\000t\000\040\000o\000f\000\040\000W\000e\000r\000n\000e\000r\000\040\000c\000l\000o\000n\000i\000n\000g}{subsection.A.1}% 32
\BOOKMARK [3][-]{subsubsection.A.1.3}{\376\377\000P\000r\000o\000o\000f\000\040\000o\000f\000\040\000t\000h\000e\000\040\000s\000t\000r\000i\000c\000t\000\040\000c\000o\000m\000p\000a\000r\000i\000s\000o\000n}{subsection.A.1}% 33
\BOOKMARK [2][-]{subsection.A.2}{\376\377\000E\000x\000a\000c\000t\000\040\000s\000u\000p\000p\000o\000r\000t\000\040\000f\000a\000c\000t\000o\000r\000i\000z\000a\000t\000i\000o\000n}{appendix.A}% 34
\BOOKMARK [2][-]{subsection.A.3}{\376\377\000P\000r\000o\000j\000e\000c\000t\000o\000r\000\040\000s\000t\000a\000t\000e\000s}{appendix.A}% 35
\BOOKMARK [1][-]{appendix.B}{\376\377\000E\000x\000a\000c\000t\000-\000w\000e\000i\000g\000h\000t\000\040\000P\000B\000W\000\040\000c\000a\000l\000c\000u\000l\000a\000t\000i\000o\000n\000\040\000o\000f\000\040\000t\000h\000e\000\040\000s\000e\000c\000t\000o\000r\000\040\000f\000i\000d\000e\000l\000i\000t\000y}{}% 36
\BOOKMARK [2][-]{subsection.B.1}{\376\377\000P\000B\000W\000\040\000v\000e\000c\000t\000o\000r\000s\000\040\000o\000n\000\040\000c\000o\000m\000p\000l\000e\000t\000e\000\040\000w\000e\000i\000g\000h\000t\000\040\000s\000p\000a\000c\000e\000s}{appendix.B}% 37
\BOOKMARK [2][-]{subsection.B.2}{\376\377\000C\000h\000a\000r\000a\000c\000t\000e\000r\000\040\000n\000o\000r\000m\000a\000l\000i\000z\000a\000t\000i\000o\000n\000\040\000a\000n\000d\000\040\000f\000i\000x\000e\000d\000-\000h\000e\000i\000g\000h\000t\000\040\000m\000a\000t\000r\000i\000c\000e\000s}{appendix.B}% 38
\BOOKMARK [1][-]{appendix.C}{\376\377\000Y\000o\000u\000n\000g\000\040\000l\000o\000c\000a\000l\000\040\000l\000i\000m\000i\000t\000\040\000a\000n\000d\000\040\000r\000a\000n\000d\000o\000m\000i\000z\000e\000d\000\040\000r\000o\000u\000n\000d\000i\000n\000g}{}% 39
\BOOKMARK [1][-]{appendix.D}{\376\377\000U\000n\000i\000f\000i\000e\000d\000\040\000G\000a\000u\000s\000s\000i\000a\000n\000\040\000f\000l\000a\000t\000-\000p\000r\000i\000o\000r\000\040\000c\000o\000n\000v\000e\000r\000s\000e}{}% 40
\BOOKMARK [2][-]{subsection.D.1}{\376\377\000W\000e\000i\000g\000h\000t\000e\000d\000\040\000f\000i\000d\000e\000l\000i\000t\000y\000\040\000a\000n\000d\000\040\000c\000o\000m\000p\000a\000c\000t\000\040\000l\000i\000m\000i\000t\000s}{appendix.D}% 41
\BOOKMARK [2][-]{subsection.D.2}{\376\377\000T\000h\000e\000\040\000l\000e\000a\000s\000t\000-\000n\000o\000i\000s\000e\000\040\000o\000s\000c\000i\000l\000l\000a\000t\000o\000r\000\040\000m\000o\000m\000e\000n\000t}{appendix.D}% 42
\BOOKMARK [2][-]{subsection.D.3}{\376\377\000C\000l\000a\000s\000s\000i\000c\000a\000l\000\040\000t\000r\000a\000c\000e\000\040\000k\000e\000r\000n\000e\000l\000s}{appendix.D}% 43
\BOOKMARK [2][-]{subsection.D.4}{\376\377\000O\000n\000e\000\040\000f\000l\000a\000t\000-\000p\000r\000i\000o\000r\000\040\000c\000o\000n\000v\000e\000r\000s\000e\000\040\000f\000o\000r\000\040\000b\000o\000t\000h\000\040\000G\000a\000u\000s\000s\000i\000a\000n\000\040\000m\000o\000d\000e\000l\000s}{appendix.D}% 44
