This is pdfTeX, Version 3.141592653-2.6-1.40.29 (TeX Live 2026) (preloaded format=pdflatex 2026.3.22)  14 JUN 2026 19:13
entering extended mode
 restricted \write18 enabled.
 file:line:error style messages enabled.
 %&-line parsing enabled.
**cloning.tex
(./cloning.tex
LaTeX2e <2025-11-01>
L3 programming layer <2026-01-19>
(/usr/local/texlive/2026/texmf-dist/tex/latex/base/article.cls
Document Class: article 2025/01/22 v1.4n Standard LaTeX document class
(/usr/local/texlive/2026/texmf-dist/tex/latex/base/size11.clo
File: size11.clo 2025/01/22 v1.4n Standard LaTeX file (size option)
)
\c@part=\count275
\c@section=\count276
\c@subsection=\count277
\c@subsubsection=\count278
\c@paragraph=\count279
\c@subparagraph=\count280
\c@figure=\count281
\c@table=\count282
\abovecaptionskip=\skip49
\belowcaptionskip=\skip50
\bibindent=\dimen148
)
(/usr/local/texlive/2026/texmf-dist/tex/latex/geometry/geometry.sty
Package: geometry 2026/03/07 v6.0 Page Geometry

(/usr/local/texlive/2026/texmf-dist/tex/latex/graphics/keyval.sty
Package: keyval 2022/05/29 v1.15 key=value parser (DPC)
\KV@toks@=\toks17
)
(/usr/local/texlive/2026/texmf-dist/tex/generic/iftex/ifvtex.sty
Package: ifvtex 2019/10/25 v1.7 ifvtex legacy package. Use iftex instead.

(/usr/local/texlive/2026/texmf-dist/tex/generic/iftex/iftex.sty
Package: iftex 2024/12/12 v1.0g TeX engine tests
))
\Gm@cnth=\count283
\Gm@cntv=\count284
\c@Gm@tempcnt=\count285
\Gm@bindingoffset=\dimen149
\Gm@wd@mp=\dimen150
\Gm@odd@mp=\dimen151
\Gm@even@mp=\dimen152
\Gm@layoutwidth=\dimen153
\Gm@layoutheight=\dimen154
\Gm@layouthoffset=\dimen155
\Gm@layoutvoffset=\dimen156
\Gm@dimlist=\toks18
)
(/usr/local/texlive/2026/texmf-dist/tex/latex/base/fontenc.sty
Package: fontenc 2025/07/18 v2.1d Standard LaTeX package
)
(/usr/local/texlive/2026/texmf-dist/tex/latex/base/inputenc.sty
Package: inputenc 2024/02/08 v1.3d Input encoding file
\inpenc@prehook=\toks19
\inpenc@posthook=\toks20
)
(/usr/local/texlive/2026/texmf-dist/tex/latex/newpx/newpxtext.sty
Package: newpxtext 2025/06/07 v1.542 LaTeX and unicode LaTeX support for TeXGyr
ePagellaX (Michael Sharpe)

`newpxtext' v1.542, 2025/06/07 Text macros taking advantage of TeXGyre Pagella 
and its extensions (msharpe)
(/usr/local/texlive/2026/texmf-dist/tex/latex/base/fontenc.sty
Package: fontenc 2025/07/18 v2.1d Standard LaTeX package
)
(/usr/local/texlive/2026/texmf-dist/tex/latex/xcolor/xcolor.sty
Package: xcolor 2024/09/29 v3.02 LaTeX color extensions (UK)

(/usr/local/texlive/2026/texmf-dist/tex/latex/graphics-cfg/color.cfg
File: color.cfg 2016/01/02 v1.6 sample color configuration
)
Package xcolor Info: Driver file: pdftex.def on input line 274.

(/usr/local/texlive/2026/texmf-dist/tex/latex/graphics-def/pdftex.def
File: pdftex.def 2025/09/29 v1.2d Graphics/color driver for pdftex
)
(/usr/local/texlive/2026/texmf-dist/tex/latex/graphics/mathcolor.ltx)
Package xcolor Info: Model `cmy' substituted by `cmy0' on input line 1349.
Package xcolor Info: Model `hsb' substituted by `rgb' on input line 1353.
Package xcolor Info: Model `RGB' extended on input line 1365.
Package xcolor Info: Model `HTML' substituted by `rgb' on input line 1367.
Package xcolor Info: Model `Hsb' substituted by `hsb' on input line 1368.
Package xcolor Info: Model `tHsb' substituted by `hsb' on input line 1369.
Package xcolor Info: Model `HSB' substituted by `hsb' on input line 1370.
Package xcolor Info: Model `Gray' substituted by `gray' on input line 1371.
Package xcolor Info: Model `wave' substituted by `hsb' on input line 1372.
)
(/usr/local/texlive/2026/texmf-dist/tex/latex/xpatch/xpatch.sty
(/usr/local/texlive/2026/texmf-dist/tex/latex/l3kernel/expl3.sty
Package: expl3 2026-01-19 L3 programming layer (loader) 

(/usr/local/texlive/2026/texmf-dist/tex/latex/l3backend/l3backend-pdftex.def
File: l3backend-pdftex.def 2025-10-09 L3 backend support: PDF output (pdfTeX)
\l__color_backend_stack_int=\count286
))
Package: xpatch 2020/03/25 v0.3a Extending etoolbox patching commands

(/usr/local/texlive/2026/texmf-dist/tex/latex/l3packages/xparse/xparse.sty
Package: xparse 2025-10-09 L3 Experimental document command parser
)
(/usr/local/texlive/2026/texmf-dist/tex/latex/etoolbox/etoolbox.sty
Package: etoolbox 2025/10/02 v2.5m e-TeX tools for LaTeX (JAW)
\etb@tempcnta=\count287
))
(/usr/local/texlive/2026/texmf-dist/tex/latex/xkeyval/xkeyval.sty
Package: xkeyval 2025/11/04 v2.10 package option processing (HA)

(/usr/local/texlive/2026/texmf-dist/tex/generic/xkeyval/xkeyval.tex
(/usr/local/texlive/2026/texmf-dist/tex/generic/xkeyval/xkvutils.tex
\XKV@toks=\toks21
\XKV@tempa@toks=\toks22
\XKV@tempb@toks=\toks23
)
\XKV@depth=\count288
File: xkeyval.tex 2014/12/03 v2.7a key=value parser (HA)
))
(/usr/local/texlive/2026/texmf-dist/tex/latex/base/textcomp.sty
Package: textcomp 2024/04/24 v2.1b Standard LaTeX package
)
(/usr/local/texlive/2026/texmf-dist/tex/generic/xstring/xstring.sty
(/usr/local/texlive/2026/texmf-dist/tex/generic/xstring/xstring.tex
\xs_counta=\count289
\xs_countb=\count290
)
Package: xstring 2023/08/22 v1.86 String manipulations (CT)
)
(/usr/local/texlive/2026/texmf-dist/tex/latex/base/ifthen.sty
Package: ifthen 2024/03/16 v1.1e Standard LaTeX ifthen package (DPC)
)
(/usr/local/texlive/2026/texmf-dist/tex/latex/carlisle/scalefnt.sty)
LaTeX Font Info:    Setting zplLF sub-encoding to TS1/0 on input line 40.
LaTeX Font Info:    Setting zplTLF sub-encoding to TS1/0 on input line 40.
LaTeX Font Info:    Setting zplOsF sub-encoding to TS1/0 on input line 40.
LaTeX Font Info:    Setting zplTOsF sub-encoding to TS1/0 on input line 40.
\zpl@cnt=\count291

(/usr/local/texlive/2026/texmf-dist/tex/latex/fontaxes/fontaxes.sty
Package: fontaxes 2026-01-02 v2.0.2 Font selection axes (deprecated)
Applying: [2024-11-01] Use figureversions if present on input line 74.

(/usr/local/texlive/2026/texmf-dist/tex/latex/figureversions/figureversions.sty
Package: figureversions 2025-04-29 v1.0.1 Figure versions
)
Already applied: [0000-00-00] Fall back to v1 on input line 76.
)
\zpl@sixem=\dimen157
\zpl@y=\dimen158
\zpl@x=\dimen159
\zpl@tmpdima=\dimen160
\zpl@tmpdimb=\dimen161
\zpl@tmpdimc=\dimen162
\zpl@tmpdimd=\dimen163
\zpl@tmpdime=\dimen164
\zpl@tmpdimf=\dimen165
\zpl@dimA=\dimen166
\zpl@dimAA=\dimen167
\zpl@dimB=\dimen168
\zpl@dimBB=\dimen169
\zpl@dimC=\dimen170
LaTeX Info: Redefining \oldstylenums on input line 807.
LaTeX Font Info:    Trying to load font information for T1+zplLF on input line 
815.
 (/usr/local/texlive/2026/texmf-dist/tex/latex/newpx/t1zpllf.fd
File: t1zpllf.fd 2021/05/25 v1.0 font definition file for T1/zpl/lf
)
LaTeX Font Info:    Trying to load font information for T1+zplTLF on input line
 816.

(/usr/local/texlive/2026/texmf-dist/tex/latex/newpx/t1zpltlf.fd
File: t1zpltlf.fd 2021/05/25 v1.0 font definition file for T1/zpl/tlf
)
LaTeX Font Info:    Trying to load font information for T1+zplOsF on input line
 817.

(/usr/local/texlive/2026/texmf-dist/tex/latex/newpx/t1zplosf.fd
File: t1zplosf.fd 2021/05/25 v1.0 font definition file for T1/zpl/osf
)
LaTeX Font Info:    Trying to load font information for T1+zplTOsF on input lin
e 818.

(/usr/local/texlive/2026/texmf-dist/tex/latex/newpx/t1zpltosf.fd
File: t1zpltosf.fd 2021/05/25 v1.0 font definition file for T1/zpl/tosf
))
(/usr/local/texlive/2026/texmf-dist/tex/latex/amsmath/amsmath.sty
Package: amsmath 2025/07/09 v2.17z AMS math features
\@mathmargin=\skip51

For additional information on amsmath, use the `?' option.
(/usr/local/texlive/2026/texmf-dist/tex/latex/amsmath/amstext.sty
Package: amstext 2024/11/17 v2.01 AMS text

(/usr/local/texlive/2026/texmf-dist/tex/latex/amsmath/amsgen.sty
File: amsgen.sty 1999/11/30 v2.0 generic functions
\@emptytoks=\toks24
\ex@=\dimen171
))
(/usr/local/texlive/2026/texmf-dist/tex/latex/amsmath/amsbsy.sty
Package: amsbsy 1999/11/29 v1.2d Bold Symbols
\pmbraise@=\dimen172
)
(/usr/local/texlive/2026/texmf-dist/tex/latex/amsmath/amsopn.sty
Package: amsopn 2022/04/08 v2.04 operator names
)
\inf@bad=\count292
LaTeX Info: Redefining \frac on input line 233.
\uproot@=\count293
\leftroot@=\count294
LaTeX Info: Redefining \overline on input line 398.
LaTeX Info: Redefining \colon on input line 409.
\classnum@=\count295
\DOTSCASE@=\count296
LaTeX Info: Redefining \ldots on input line 495.
LaTeX Info: Redefining \dots on input line 498.
LaTeX Info: Redefining \cdots on input line 619.
\Mathstrutbox@=\box53
\strutbox@=\box54
LaTeX Info: Redefining \big on input line 721.
LaTeX Info: Redefining \Big on input line 722.
LaTeX Info: Redefining \bigg on input line 723.
LaTeX Info: Redefining \Bigg on input line 724.
\big@size=\dimen173
LaTeX Font Info:    Redeclaring font encoding OML on input line 742.
LaTeX Font Info:    Redeclaring font encoding OMS on input line 743.
\macc@depth=\count297
LaTeX Info: Redefining \bmod on input line 904.
LaTeX Info: Redefining \pmod on input line 909.
LaTeX Info: Redefining \smash on input line 939.
LaTeX Info: Redefining \relbar on input line 969.
LaTeX Info: Redefining \Relbar on input line 970.
\c@MaxMatrixCols=\count298
\dotsspace@=\muskip17
\c@parentequation=\count299
\dspbrk@lvl=\count300
\tag@help=\toks25
\row@=\count301
\column@=\count302
\maxfields@=\count303
\andhelp@=\toks26
\eqnshift@=\dimen174
\alignsep@=\dimen175
\tagshift@=\dimen176
\tagwidth@=\dimen177
\totwidth@=\dimen178
\lineht@=\dimen179
\@envbody=\toks27
\multlinegap=\skip52
\multlinetaggap=\skip53
\mathdisplay@stack=\toks28
LaTeX Info: Redefining \[ on input line 2950.
LaTeX Info: Redefining \] on input line 2951.
)
(/usr/local/texlive/2026/texmf-dist/tex/latex/amsfonts/amssymb.sty
Package: amssymb 2013/01/14 v3.01 AMS font symbols

(/usr/local/texlive/2026/texmf-dist/tex/latex/amsfonts/amsfonts.sty
Package: amsfonts 2013/01/14 v3.01 Basic AMSFonts support
\symAMSa=\mathgroup4
\symAMSb=\mathgroup5
LaTeX Font Info:    Redeclaring math symbol \hbar on input line 98.
LaTeX Font Info:    Overwriting math alphabet `\mathfrak' in version `bold'
(Font)                  U/euf/m/n --> U/euf/b/n on input line 106.
))
(/usr/local/texlive/2026/texmf-dist/tex/latex/amscls/amsthm.sty
Package: amsthm 2020/05/29 v2.20.6
\thm@style=\toks29
\thm@bodyfont=\toks30
\thm@headfont=\toks31
\thm@notefont=\toks32
\thm@headpunct=\toks33
\thm@preskip=\skip54
\thm@postskip=\skip55
\thm@headsep=\skip56
\dth@everypar=\toks34
)
(/usr/local/texlive/2026/texmf-dist/tex/latex/mathtools/mathtools.sty
Package: mathtools 2024/10/04 v1.31 mathematical typesetting tools

(/usr/local/texlive/2026/texmf-dist/tex/latex/tools/calc.sty
Package: calc 2025/03/01 v4.3b Infix arithmetic (KKT,FJ)
\calc@Acount=\count304
\calc@Bcount=\count305
\calc@Adimen=\dimen180
\calc@Bdimen=\dimen181
\calc@Askip=\skip57
\calc@Bskip=\skip58
LaTeX Info: Redefining \setlength on input line 86.
LaTeX Info: Redefining \addtolength on input line 87.
\calc@Ccount=\count306
\calc@Cskip=\skip59
)
(/usr/local/texlive/2026/texmf-dist/tex/latex/mathtools/mhsetup.sty
Package: mhsetup 2021/03/18 v1.4 programming setup (MH)
)
\g_MT_multlinerow_int=\count307
\l_MT_multwidth_dim=\dimen182
\origjot=\skip60
\l_MT_shortvdotswithinadjustabove_dim=\dimen183
\l_MT_shortvdotswithinadjustbelow_dim=\dimen184
\l_MT_above_intertext_sep=\dimen185
\l_MT_below_intertext_sep=\dimen186
\l_MT_above_shortintertext_sep=\dimen187
\l_MT_below_shortintertext_sep=\dimen188
\xmathstrut@box=\box55
\xmathstrut@dim=\dimen189
)
(/usr/local/texlive/2026/texmf-dist/tex/latex/newpx/newpxmath.sty
Package: newpxmath 2025/10/30 v1.551 LaTeX math support for newpx (Michael Shar
pe)

`newpxmath' v1.551, 2025/10/30 Math macros based on pxfonts (msharpe)
(/usr/local/texlive/2026/texmf-dist/tex/generic/kastrup/binhex.tex)
(/usr/local/texlive/2026/texmf-dist/tex/latex/oberdiek/centernot.sty
Package: centernot 2016/05/16 v1.4 Centers the not symbol horizontally (HO)
)
\px@tA=\toks35
\px@tB=\toks36
\px@su=\read2
\px@Isdigit=\count308

amsthm NOT loaded
LaTeX Font Info:    Redeclaring symbol font `operators' on input line 224.
LaTeX Font Info:    Overwriting symbol font `operators' in version `normal'
(Font)                  OT1/cmr/m/n --> OT1/minzpl/m/n on input line 224.
LaTeX Font Info:    Overwriting symbol font `operators' in version `bold'
(Font)                  OT1/cmr/bx/n --> OT1/minzpl/m/n on input line 224.
LaTeX Font Info:    Overwriting symbol font `operators' in version `bold'
(Font)                  OT1/minzpl/m/n --> OT1/minzpl/b/n on input line 225.
LaTeX Font Info:    Redeclaring math alphabet \mathsf on input line 228.
LaTeX Font Info:    Overwriting math alphabet `\mathsf' in version `normal'
(Font)                  OT1/cmss/m/n --> T1/qhv/m/n on input line 228.
LaTeX Font Info:    Overwriting math alphabet `\mathsf' in version `bold'
(Font)                  OT1/cmss/bx/n --> T1/qhv/m/n on input line 228.
LaTeX Font Info:    Redeclaring math alphabet \mathit on input line 229.
LaTeX Font Info:    Overwriting math alphabet `\mathit' in version `normal'
(Font)                  OT1/cmr/m/it --> OT1/minzpl/m/it on input line 229.
LaTeX Font Info:    Overwriting math alphabet `\mathit' in version `bold'
(Font)                  OT1/cmr/bx/it --> OT1/minzpl/m/it on input line 229.
LaTeX Font Info:    Redeclaring math alphabet \mathtt on input line 230.
LaTeX Font Info:    Overwriting math alphabet `\mathtt' in version `normal'
(Font)                  OT1/cmtt/m/n --> T1/npxtt/m/n on input line 230.
LaTeX Font Info:    Overwriting math alphabet `\mathtt' in version `bold'
(Font)                  OT1/cmtt/m/n --> T1/npxtt/m/n on input line 230.
LaTeX Font Info:    Redeclaring math alphabet \mathbf on input line 232.
LaTeX Font Info:    Overwriting math alphabet `\mathbf' in version `normal'
(Font)                  OT1/cmr/bx/n --> OT1/minzpl/b/n on input line 232.
LaTeX Font Info:    Overwriting math alphabet `\mathbf' in version `bold'
(Font)                  OT1/cmr/bx/n --> OT1/minzpl/b/n on input line 232.
LaTeX Font Info:    Overwriting math alphabet `\mathit' in version `bold'
(Font)                  OT1/minzpl/m/it --> OT1/minzpl/b/it on input line 233.
LaTeX Font Info:    Overwriting math alphabet `\mathsf' in version `bold'
(Font)                  T1/qhv/m/n --> T1/qhv/b/n on input line 235.
LaTeX Font Info:    Overwriting math alphabet `\mathtt' in version `bold'
(Font)                  T1/npxtt/m/n --> T1/npxtt/b/n on input line 236.
LaTeX Font Info:    Redeclaring symbol font `letters' on input line 247.
LaTeX Font Info:    Overwriting symbol font `letters' in version `normal'
(Font)                  OML/cmm/m/it --> OML/npxmi/m/it on input line 247.
LaTeX Font Info:    Overwriting symbol font `letters' in version `bold'
(Font)                  OML/cmm/b/it --> OML/npxmi/m/it on input line 247.
LaTeX Font Info:    Overwriting symbol font `letters' in version `bold'
(Font)                  OML/npxmi/m/it --> OML/npxmi/b/it on input line 248.
\symlettersA=\mathgroup6
LaTeX Font Info:    Overwriting symbol font `lettersA' in version `bold'
(Font)                  U/npxmia/m/it --> U/npxmia/b/it on input line 266.
LaTeX Font Info:    Redeclaring math alphabet \mathfrak on input line 268.
Now handling font encoding LMS ...
... no UTF-8 mapping file for font encoding LMS
LaTeX Font Info:    Redeclaring symbol font `symbols' on input line 276.
LaTeX Font Info:    Encoding `OMS' has changed to `LMS' for symbol font
(Font)              `symbols' in the math version `normal' on input line 276.
LaTeX Font Info:    Overwriting symbol font `symbols' in version `normal'
(Font)                  OMS/cmsy/m/n --> LMS/npxsy/m/n on input line 276.
LaTeX Font Info:    Encoding `OMS' has changed to `LMS' for symbol font
(Font)              `symbols' in the math version `bold' on input line 276.
LaTeX Font Info:    Overwriting symbol font `symbols' in version `bold'
(Font)                  OMS/cmsy/b/n --> LMS/npxsy/m/n on input line 276.
LaTeX Font Info:    Overwriting symbol font `symbols' in version `bold'
(Font)                  LMS/npxsy/m/n --> LMS/npxsy/b/n on input line 277.
\symAMSm=\mathgroup7
LaTeX Font Info:    Overwriting symbol font `AMSm' in version `bold'
(Font)                  U/npxsym/m/n --> U/npxsym/b/n on input line 297.
\symsymbolsC=\mathgroup8
LaTeX Font Info:    Overwriting symbol font `symbolsC' in version `bold'
(Font)                  U/npxsyc/m/n --> U/npxsyc/b/n on input line 319.
Now handling font encoding LMX ...
... no UTF-8 mapping file for font encoding LMX
LaTeX Font Info:    Redeclaring symbol font `largesymbols' on input line 339.
LaTeX Font Info:    Encoding `OMX' has changed to `LMX' for symbol font
(Font)              `largesymbols' in the math version `normal' on input line 3
39.
LaTeX Font Info:    Overwriting symbol font `largesymbols' in version `normal'
(Font)                  OMX/cmex/m/n --> LMX/npxexx/m/n on input line 339.
LaTeX Font Info:    Encoding `OMX' has changed to `LMX' for symbol font
(Font)              `largesymbols' in the math version `bold' on input line 339
.
LaTeX Font Info:    Overwriting symbol font `largesymbols' in version `bold'
(Font)                  OMX/cmex/m/n --> LMX/npxexx/m/n on input line 339.
LaTeX Font Info:    Overwriting symbol font `largesymbols' in version `bold'
(Font)                  LMX/npxexx/m/n --> LMX/npxexx/b/n on input line 340.
\symlargesymbolsPXA=\mathgroup9
LaTeX Font Info:    Overwriting symbol font `largesymbolsPXA' in version `bold'

(Font)                  U/npxexa/m/n --> U/npxexa/b/n on input line 347.
\px@cntz=\count309
\px@IsAlNum=\count310
\px@sbptoks=\toks37
LaTeX Font Info:    Redeclaring math delimiter \lfloor on input line 502.
LaTeX Font Info:    Redeclaring math delimiter \rfloor on input line 503.
LaTeX Font Info:    Redeclaring math delimiter \lceil on input line 504.
LaTeX Font Info:    Redeclaring math delimiter \rceil on input line 505.
LaTeX Font Info:    Redeclaring math delimiter \lbrace on input line 510.
LaTeX Font Info:    Redeclaring math delimiter \rbrace on input line 511.
LaTeX Font Info:    Redeclaring math delimiter \langle on input line 513.
LaTeX Font Info:    Redeclaring math delimiter \rangle on input line 515.
LaTeX Font Info:    Redeclaring math delimiter \arrowvert on input line 519.
LaTeX Font Info:    Redeclaring math delimiter \vert on input line 520.
LaTeX Font Info:    Redeclaring math symbol \parallel on input line 521.
LaTeX Font Info:    Redeclaring math delimiter \Arrowvert on input line 522.
LaTeX Font Info:    Redeclaring math accent \grave on input line 562.
LaTeX Font Info:    Redeclaring math accent \acute on input line 563.
LaTeX Font Info:    Redeclaring math accent \hat on input line 564.
LaTeX Font Info:    Redeclaring math accent \tilde on input line 565.
LaTeX Font Info:    Redeclaring math accent \bar on input line 566.
LaTeX Font Info:    Redeclaring math accent \breve on input line 567.
LaTeX Font Info:    Redeclaring math accent \mathring on input line 568.
LaTeX Font Info:    Redeclaring math accent \check on input line 569.
LaTeX Font Info:    Redeclaring math accent \dot on input line 573.
LaTeX Font Info:    Redeclaring math accent \ddot on input line 574.
LaTeX Font Info:    Redeclaring math accent \vec on input line 1631.
LaTeX Info: Redefining \Bbbk on input line 2208.
LaTeX Info: Redefining \not on input line 2548.
LaTeX Info: Redefining \textsquare on input line 2563.
LaTeX Info: Redefining \openbox on input line 2565.
) (/usr/local/texlive/2026/texmf-dist/tex/latex/jknapltx/mathrsfs.sty
Package: mathrsfs 1996/01/01 Math RSFS package v1.0 (jk)
\symrsfs=\mathgroup10
)
(/usr/local/texlive/2026/texmf-dist/tex/latex/enumitem/enumitem.sty
Package: enumitem 2025/02/06 v3.11 Customized lists
\labelindent=\skip61
\enit@outerparindent=\dimen190
\enit@toks=\toks38
\enit@inbox=\box56
\enit@count@id=\count311
\enitdp@description=\count312
)
(/usr/local/texlive/2026/texmf-dist/tex/latex/microtype/microtype.sty
Package: microtype 2026/03/01 v3.2d Micro-typographical refinements (RS)
\MT@toks=\toks39
\MT@tempbox=\box57
\MT@count=\count313
LaTeX Info: Redefining \noprotrusionifhmode on input line 1084.
LaTeX Info: Redefining \leftprotrusion on input line 1085.
\MT@prot@toks=\toks40
LaTeX Info: Redefining \rightprotrusion on input line 1104.
LaTeX Info: Redefining \textls on input line 1449.
\MT@outer@kern=\dimen191
LaTeX Info: Redefining \microtypecontext on input line 2053.
LaTeX Info: Redefining \textmicrotypecontext on input line 2070.
\MT@listname@count=\count314

(/usr/local/texlive/2026/texmf-dist/tex/latex/microtype/microtype-pdftex.def
File: microtype-pdftex.def 2026/03/01 v3.2d Definitions specific to pdftex (RS)

LaTeX Info: Redefining \lsstyle on input line 944.
LaTeX Info: Redefining \lslig on input line 944.
\MT@outer@space=\skip62
)
Package microtype Info: Loading configuration file microtype.cfg.

(/usr/local/texlive/2026/texmf-dist/tex/latex/microtype/microtype.cfg
File: microtype.cfg 2026/03/01 v3.2d microtype main configuration file (RS)
)
LaTeX Info: Redefining \microtypesetup on input line 3065.
)
(/usr/local/texlive/2026/texmf-dist/tex/latex/hyperref/hyperref.sty
Package: hyperref 2026-01-29 v7.01p Hypertext links for LaTeX

(/usr/local/texlive/2026/texmf-dist/tex/latex/kvsetkeys/kvsetkeys.sty
Package: kvsetkeys 2022-10-05 v1.19 Key value parser (HO)
)
(/usr/local/texlive/2026/texmf-dist/tex/generic/kvdefinekeys/kvdefinekeys.sty
Package: kvdefinekeys 2019-12-19 v1.6 Define keys (HO)
)
(/usr/local/texlive/2026/texmf-dist/tex/generic/pdfescape/pdfescape.sty
Package: pdfescape 2019/12/09 v1.15 Implements pdfTeX's escape features (HO)

(/usr/local/texlive/2026/texmf-dist/tex/generic/ltxcmds/ltxcmds.sty
Package: ltxcmds 2023-12-04 v1.26 LaTeX kernel commands for general use (HO)
)
(/usr/local/texlive/2026/texmf-dist/tex/generic/pdftexcmds/pdftexcmds.sty
Package: pdftexcmds 2020-06-27 v0.33 Utility functions of pdfTeX for LuaTeX (HO
)

(/usr/local/texlive/2026/texmf-dist/tex/generic/infwarerr/infwarerr.sty
Package: infwarerr 2019/12/03 v1.5 Providing info/warning/error messages (HO)
)
Package pdftexcmds Info: \pdf@primitive is available.
Package pdftexcmds Info: \pdf@ifprimitive is available.
Package pdftexcmds Info: \pdfdraftmode found.
))
(/usr/local/texlive/2026/texmf-dist/tex/latex/hycolor/hycolor.sty
Package: hycolor 2020-01-27 v1.10 Color options for hyperref/bookmark (HO)
)
(/usr/local/texlive/2026/texmf-dist/tex/latex/hyperref/nameref.sty
Package: nameref 2026-01-29 v2.58 Cross-referencing by name of section

(/usr/local/texlive/2026/texmf-dist/tex/latex/refcount/refcount.sty
Package: refcount 2019/12/15 v3.6 Data extraction from label references (HO)
)
(/usr/local/texlive/2026/texmf-dist/tex/generic/gettitlestring/gettitlestring.s
ty
Package: gettitlestring 2019/12/15 v1.6 Cleanup title references (HO)
 (/usr/local/texlive/2026/texmf-dist/tex/latex/kvoptions/kvoptions.sty
Package: kvoptions 2022-06-15 v3.15 Key value format for package options (HO)
))
\c@section@level=\count315
)
(/usr/local/texlive/2026/texmf-dist/tex/generic/stringenc/stringenc.sty
Package: stringenc 2019/11/29 v1.12 Convert strings between diff. encodings (HO
)
)
\@linkdim=\dimen192
\Hy@linkcounter=\count316
\Hy@pagecounter=\count317

(/usr/local/texlive/2026/texmf-dist/tex/latex/hyperref/pd1enc.def
File: pd1enc.def 2026-01-29 v7.01p Hyperref: PDFDocEncoding definition (HO)
Now handling font encoding PD1 ...
... no UTF-8 mapping file for font encoding PD1
)
(/usr/local/texlive/2026/texmf-dist/tex/generic/intcalc/intcalc.sty
Package: intcalc 2019/12/15 v1.3 Expandable calculations with integers (HO)
)
\Hy@SavedSpaceFactor=\count318

(/usr/local/texlive/2026/texmf-dist/tex/latex/hyperref/puenc.def
File: puenc.def 2026-01-29 v7.01p Hyperref: PDF Unicode definition (HO)
Now handling font encoding PU ...
... no UTF-8 mapping file for font encoding PU
)
Package hyperref Info: Option `colorlinks' set `true' on input line 4072.
Package hyperref Info: Hyper figures OFF on input line 4201.
Package hyperref Info: Link nesting OFF on input line 4206.
Package hyperref Info: Hyper index ON on input line 4209.
Package hyperref Info: Plain pages OFF on input line 4216.
Package hyperref Info: Backreferencing OFF on input line 4221.
Package hyperref Info: Implicit mode ON; LaTeX internals redefined.
Package hyperref Info: Bookmarks ON on input line 4468.
\c@Hy@tempcnt=\count319

(/usr/local/texlive/2026/texmf-dist/tex/latex/url/url.sty
\Urlmuskip=\muskip18
Package: url 2013/09/16  ver 3.4  Verb mode for urls, etc.
)
LaTeX Info: Redefining \url on input line 4807.
\XeTeXLinkMargin=\dimen193

(/usr/local/texlive/2026/texmf-dist/tex/generic/bitset/bitset.sty
Package: bitset 2019/12/09 v1.3 Handle bit-vector datatype (HO)

(/usr/local/texlive/2026/texmf-dist/tex/generic/bigintcalc/bigintcalc.sty
Package: bigintcalc 2019/12/15 v1.5 Expandable calculations on big integers (HO
)
))
\Fld@menulength=\count320
\Field@Width=\dimen194
\Fld@charsize=\dimen195
Package hyperref Info: Hyper figures OFF on input line 6084.
Package hyperref Info: Link nesting OFF on input line 6089.
Package hyperref Info: Hyper index ON on input line 6092.
Package hyperref Info: backreferencing OFF on input line 6099.
Package hyperref Info: Link coloring ON on input line 6102.
Package hyperref Info: Link coloring with OCG OFF on input line 6109.
Package hyperref Info: PDF/A mode OFF on input line 6114.
\Hy@abspage=\count321
\c@Item=\count322
\c@Hfootnote=\count323
)
Package hyperref Info: Driver (autodetected): hpdftex.

(/usr/local/texlive/2026/texmf-dist/tex/latex/hyperref/hpdftex.def
File: hpdftex.def 2026-01-29 v7.01p Hyperref driver for pdfTeX
\Fld@listcount=\count324
\c@bookmark@seq@number=\count325

(/usr/local/texlive/2026/texmf-dist/tex/latex/rerunfilecheck/rerunfilecheck.sty
Package: rerunfilecheck 2025-06-21 v1.11 Rerun checks for auxiliary files (HO)

(/usr/local/texlive/2026/texmf-dist/tex/generic/uniquecounter/uniquecounter.sty
Package: uniquecounter 2019/12/15 v1.4 Provide unlimited unique counter (HO)
)
Package uniquecounter Info: New unique counter `rerunfilecheck' on input line 2
84.
)
\Hy@SectionHShift=\skip63
) (/usr/local/texlive/2026/texmf-dist/tex/latex/cleveref/cleveref.sty
Package: cleveref 2018/03/27 v0.21.4 Intelligent cross-referencing
Package cleveref Info: `hyperref' support loaded on input line 2370.
LaTeX Info: Redefining \cref on input line 2370.
LaTeX Info: Redefining \Cref on input line 2370.
LaTeX Info: Redefining \crefrange on input line 2370.
LaTeX Info: Redefining \Crefrange on input line 2370.
LaTeX Info: Redefining \cpageref on input line 2370.
LaTeX Info: Redefining \Cpageref on input line 2370.
LaTeX Info: Redefining \cpagerefrange on input line 2370.
LaTeX Info: Redefining \Cpagerefrange on input line 2370.
LaTeX Info: Redefining \labelcref on input line 2370.
LaTeX Info: Redefining \labelcpageref on input line 2370.
Package cleveref Info: `amsthm' support loaded on input line 3026.
Package cleveref Info: always capitalise cross-reference names on input line 78
30.
Package cleveref Info: include cross-reference names in hyperlinks on input lin
e 7836.
Package cleveref Info: include cross-reference names in hyperlinks on input lin
e 7852.
Package cleveref Info: always capitalise cross-reference names on input line 78
52.
)
==> First Aid for cleveref.sty applied!
\c@theorem=\count326
LaTeX Font Info:    Font shape `T1/zpltlf/m/n' will be
(Font)              scaled to size 10.95pt on input line 94.
No file cloning.aux.
\openout1 = `cloning.aux'.

LaTeX Font Info:    Checking defaults for OML/npxmi/m/it on input line 94.
LaTeX Font Info:    Trying to load font information for OML+npxmi on input line
 94.
(/usr/local/texlive/2026/texmf-dist/tex/latex/newpx/omlnpxmi.fd
File: omlnpxmi.fd 2013/03/21 Fontinst v1.933 font definitions for OML/npxmi.
)
LaTeX Font Info:    ... okay on input line 94.
LaTeX Font Info:    Checking defaults for OMS/cmsy/m/n on input line 94.
LaTeX Font Info:    ... okay on input line 94.
LaTeX Font Info:    Checking defaults for OT1/cmr/m/n on input line 94.
LaTeX Font Info:    ... okay on input line 94.
LaTeX Font Info:    Checking defaults for T1/cmr/m/n on input line 94.
LaTeX Font Info:    ... okay on input line 94.
LaTeX Font Info:    Checking defaults for TS1/cmr/m/n on input line 94.
LaTeX Font Info:    ... okay on input line 94.
LaTeX Font Info:    Checking defaults for OMX/cmex/m/n on input line 94.
LaTeX Font Info:    ... okay on input line 94.
LaTeX Font Info:    Checking defaults for U/npxexa/m/n on input line 94.
LaTeX Font Info:    Trying to load font information for U+npxexa on input line 
94.

(/usr/local/texlive/2026/texmf-dist/tex/latex/newpx/unpxexa.fd
File: unpxexa.fd 2013/03/24 Fontinst v1.933 font definitions for U/npxexa.
)
LaTeX Font Info:    ... okay on input line 94.
LaTeX Font Info:    Checking defaults for LMS/npxsy/m/n on input line 94.
LaTeX Font Info:    Trying to load font information for LMS+npxsy on input line
 94.

(/usr/local/texlive/2026/texmf-dist/tex/latex/newpx/lmsnpxsy.fd
File: lmsnpxsy.fd 2016/07/04 Fontinst v1.933 font definitions for LMS/npxsy.
)
LaTeX Font Info:    ... okay on input line 94.
LaTeX Font Info:    Checking defaults for LMX/npxexx/m/n on input line 94.
LaTeX Font Info:    Trying to load font information for LMX+npxexx on input lin
e 94.

(/usr/local/texlive/2026/texmf-dist/tex/latex/newpx/lmxnpxexx.fd
File: lmxnpxexx.fd 2016/07/04 Fontinst v1.933 font definitions for LMX/npxexx.
)
LaTeX Font Info:    ... okay on input line 94.
LaTeX Font Info:    Checking defaults for PD1/pdf/m/n on input line 94.
LaTeX Font Info:    ... okay on input line 94.
LaTeX Font Info:    Checking defaults for PU/pdf/m/n on input line 94.
LaTeX Font Info:    ... okay on input line 94.

*geometry* driver: auto-detecting
*geometry* detected driver: pdftex
*geometry* verbose mode - [ preamble ] result:
* driver: pdftex
* paper: <default>
* layout: <same size as paper>
* layoutoffset:(h,v)=(0.0pt,0.0pt)
* modes: 
* h-part:(L,W,R)=(72.26999pt, 469.75502pt, 72.26999pt)
* v-part:(T,H,B)=(72.26999pt, 650.43001pt, 72.26999pt)
* \paperwidth=614.295pt
* \paperheight=794.96999pt
* \textwidth=469.75502pt
* \textheight=650.43001pt
* \oddsidemargin=0.0pt
* \evensidemargin=0.0pt
* \topmargin=-37.0pt
* \headheight=12.0pt
* \headsep=25.0pt
* \topskip=11.0pt
* \footskip=30.0pt
* \marginparwidth=59.0pt
* \marginparsep=10.0pt
* \columnsep=10.0pt
* \skip\footins=10.0pt plus 4.0pt minus 2.0pt
* \hoffset=0.0pt
* \voffset=0.0pt
* \mag=1000
* \@twocolumnfalse
* \@twosidefalse
* \@mparswitchfalse
* \@reversemarginfalse
* (1in=72.27pt=25.4mm, 1cm=28.453pt)

(/usr/local/texlive/2026/texmf-dist/tex/context/base/mkii/supp-pdf.mkii
[Loading MPS to PDF converter (version 2006.09.02).]
\scratchcounter=\count327
\scratchdimen=\dimen196
\scratchbox=\box58
\nofMPsegments=\count328
\nofMParguments=\count329
\everyMPshowfont=\toks41
\MPscratchCnt=\count330
\MPscratchDim=\dimen197
\MPnumerator=\count331
\makeMPintoPDFobject=\count332
\everyMPtoPDFconversion=\toks42
)
\c@mv@tabular=\count333
\c@mv@boldtabular=\count334
LaTeX Info: Command `\dddot' is already robust on input line 94.
LaTeX Info: Command `\ddddot' is already robust on input line 94.
 (/usr/local/texlive/2026/texmf-dist/tex/latex/graphics/graphicx.sty
Package: graphicx 2024/12/31 v1.2e Enhanced LaTeX Graphics (DPC,SPQR)

(/usr/local/texlive/2026/texmf-dist/tex/latex/graphics/graphics.sty
Package: graphics 2024/08/06 v1.4g Standard LaTeX Graphics (DPC,SPQR)

(/usr/local/texlive/2026/texmf-dist/tex/latex/graphics/trig.sty
Package: trig 2023/12/02 v1.11 sin cos tan (DPC)
)
(/usr/local/texlive/2026/texmf-dist/tex/latex/graphics-cfg/graphics.cfg
File: graphics.cfg 2016/06/04 v1.11 sample graphics configuration
)
Package graphics Info: Driver file: pdftex.def on input line 106.
)
\Gin@req@height=\dimen198
\Gin@req@width=\dimen199
)
LaTeX Info: Redefining \microtypecontext on input line 94.
Package microtype Info: Applying patch `item' on input line 94.
Package microtype Info: Applying patch `toc' on input line 94.
Package microtype Info: Applying patch `eqnum' on input line 94.
Package microtype Info: Applying patch `footnote' on input line 94.
Package microtype Info: Applying patch `verbatim' on input line 94.
LaTeX Info: Redefining \microtypesetup on input line 94.
Package microtype Info: Generating PDF output.
Package microtype Info: Character protrusion enabled (level 2).
Package microtype Info: Using default protrusion set `alltext'.
Package microtype Info: Automatic font expansion enabled (level 2),
(microtype)             stretch: 20, shrink: 20, step: 1, non-selected.
Package microtype Info: Using default expansion set `alltext-nott'.
Package microtype Info: Patching command `\showhyphens'.
Package microtype Info: No adjustment of tracking.
Package microtype Info: No adjustment of interword spacing.
Package microtype Info: No adjustment of character kerning.

(/usr/local/texlive/2026/texmf-dist/tex/latex/microtype/mt-ppl.cfg
File: mt-ppl.cfg 2005/11/16 v1.6 microtype config. file: Palatino (RS)
)
Package hyperref Info: Link coloring ON on input line 94.
\@outlinefile=\write3
\openout3 = `cloning.out'.

LaTeX Font Info:    Font shape `T1/zpltlf/m/n' will be
(Font)              scaled to size 17.28pt on input line 96.
LaTeX Font Info:    Font shape `T1/zpltlf/m/n' will be
(Font)              scaled to size 12.0pt on input line 96.
LaTeX Font Info:    Trying to load font information for OT1+minzpl on input lin
e 96.

(/usr/local/texlive/2026/texmf-dist/tex/latex/newpx/ot1minzpl.fd
File: ot1minzpl.fd 2021/05/25 v1.0 font definition file for OT1/minzpl/TLF
)
LaTeX Font Info:    Font shape `OT1/minzpl/m/n' will be
(Font)              scaled to size 12.0pt on input line 96.
Package microtype Info: Loading generic protrusion settings for font family
(microtype)             `minzpl' (encoding: OT1).
(microtype)             For optimal results, create family-specific settings.
(microtype)             See the microtype manual for details.
LaTeX Font Info:    Font shape `OT1/minzpl/m/n' will be
(Font)              scaled to size 8.8pt on input line 96.
LaTeX Font Info:    Font shape `OT1/minzpl/m/n' will be
(Font)              scaled to size 6.6pt on input line 96.
LaTeX Font Info:    Trying to load font information for U+msa on input line 96.


(/usr/local/texlive/2026/texmf-dist/tex/latex/amsfonts/umsa.fd
File: umsa.fd 2013/01/14 v3.01 AMS symbols A
)
(/usr/local/texlive/2026/texmf-dist/tex/latex/microtype/mt-msa.cfg
File: mt-msa.cfg 2006/02/04 v1.1 microtype config. file: AMS symbols (a) (RS)
)
LaTeX Font Info:    Trying to load font information for U+msb on input line 96.


(/usr/local/texlive/2026/texmf-dist/tex/latex/amsfonts/umsb.fd
File: umsb.fd 2013/01/14 v3.01 AMS symbols B
)
(/usr/local/texlive/2026/texmf-dist/tex/latex/microtype/mt-msb.cfg
File: mt-msb.cfg 2005/06/01 v1.0 microtype config. file: AMS symbols (b) (RS)
)
LaTeX Font Info:    Trying to load font information for U+npxmia on input line 
96.

(/usr/local/texlive/2026/texmf-dist/tex/latex/newpx/unpxmia.fd
File: unpxmia.fd 2013/03/24 Fontinst v1.933 font definitions for U/npxmia.
)
LaTeX Font Info:    Trying to load font information for U+npxsym on input line 
96.

(/usr/local/texlive/2026/texmf-dist/tex/latex/newpx/unpxsym.fd
File: unpxsym.fd 2023/08/16 Fontinst v1.933 font definitions for U/npxsym.
)
LaTeX Font Info:    Trying to load font information for U+npxsyc on input line 
96.

(/usr/local/texlive/2026/texmf-dist/tex/latex/newpx/unpxsyc.fd
File: unpxsyc.fd 2013/03/24 Fontinst v1.933 font definitions for U/npxsyc.
)
LaTeX Font Info:    Trying to load font information for U+rsfs on input line 96
.

(/usr/local/texlive/2026/texmf-dist/tex/latex/jknapltx/ursfs.fd
File: ursfs.fd 1998/03/24 rsfs font definition file (jk)
)
LaTeX Font Info:    Font shape `T1/zpltlf/m/n' will be
(Font)              scaled to size 10.0pt on input line 97.
LaTeX Font Info:    Font shape `T1/zpltlf/b/n' will be
(Font)              scaled to size 10.0pt on input line 97.
LaTeX Font Info:    Font shape `OT1/minzpl/m/n' will be
(Font)              scaled to size 10.0pt on input line 98.
LaTeX Font Info:    Font shape `OT1/minzpl/m/n' will be
(Font)              scaled to size 7.3pt on input line 98.
LaTeX Font Info:    Font shape `OT1/minzpl/m/n' will be
(Font)              scaled to size 5.5pt on input line 98.


LaTeX Font Warning: Font shape `U/rsfs/m/n' in size <5.5> not available
(Font)              size <5> substituted on input line 98.

LaTeX Font Info:    Font shape `T1/zpltlf/m/n' will be
(Font)              scaled to size 14.4pt on input line 120.
LaTeX Font Info:    Font shape `T1/zpltlf/b/n' will be
(Font)              scaled to size 14.4pt on input line 120.
LaTeX Font Info:    Font shape `T1/zpltlf/b/n' will be
(Font)              scaled to size 10.95pt on input line 122.

LaTeX Warning: Citation `WoottersZurek1982' on page 1 undefined on input line 1
22.


LaTeX Warning: Citation `Dieks1982' on page 1 undefined on input line 122.

LaTeX Font Info:    Font shape `OT1/minzpl/m/n' will be
(Font)              scaled to size 10.95pt on input line 122.
LaTeX Font Info:    Font shape `OT1/minzpl/m/n' will be
(Font)              scaled to size 8.0pt on input line 122.
LaTeX Font Info:    Font shape `OT1/minzpl/m/n' will be
(Font)              scaled to size 6.1pt on input line 122.

LaTeX Warning: Citation `BuzekHillery1996' on page 1 undefined on input line 12
2.


LaTeX Warning: Citation `GisinMassar1997' on page 1 undefined on input line 122
.


LaTeX Warning: Citation `BrussDiVincenzoEkertFuchsMacchiavelloSmolin1998' on pa
ge 1 undefined on input line 122.


LaTeX Warning: Citation `Werner1998' on page 1 undefined on input line 122.


LaTeX Warning: Reference `subsec:Werner-cloner' on page 1 undefined on input li
ne 122.

LaTeX Font Info:    Font shape `T1/zpltlf/m/it' will be
(Font)              scaled to size 10.95pt on input line 124.

LaTeX Warning: Citation `BarnumCavesFuchsJozsaSchumacher1996' on page 1 undefin
ed on input line 124.


LaTeX Warning: Citation `DArianoMacchiavelloPerinotti2005' on page 1 undefined 
on input line 124.


LaTeX Warning: Citation `BuscemiDArianoMacchiavelloPerinotti2005Optimal' on pag
e 1 undefined on input line 124.


LaTeX Warning: Citation `BuscemiDArianoMacchiavelloPerinotti2006' on page 1 und
efined on input line 124.


LaTeX Warning: Citation `DangFan2007' on page 1 undefined on input line 124.


LaTeX Warning: Citation `DArianoPerinottiSacchi2006Continuous' on page 1 undefi
ned on input line 124.

[1

{/usr/local/texlive/2026/texmf-var/fonts/map/pdftex/updmap/pdftex.map}{/usr/loc
al/texlive/2026/texmf-dist/fonts/enc/dvips/newtx/ntx-ec-tlf.enc}{/usr/local/tex
live/2026/texmf-dist/fonts/enc/dvips/newpx/px-lms.enc}{/usr/local/texlive/2026/
texmf-dist/fonts/enc/dvips/newtx/ntx-ot1-tlf.enc}]

LaTeX Warning: Citation `CiracEkertMacchiavello1999' on page 2 undefined on inp
ut line 126.


LaTeX Warning: Citation `Rastegin2003Upper' on page 2 undefined on input line 1
26.


LaTeX Warning: Citation `Rastegin2002Relative' on page 2 undefined on input lin
e 126.


LaTeX Warning: Citation `Rastegin2003StateDependent' on page 2 undefined on inp
ut line 126.


LaTeX Warning: Citation `Fan2003' on page 2 undefined on input line 126.


LaTeX Warning: Citation `FanLiuShi2007' on page 2 undefined on input line 126.


LaTeX Warning: Citation `Kazakov2007' on page 2 undefined on input line 126.


LaTeX Warning: Citation `BowlesGutaAdesso2011' on page 2 undefined on input lin
e 126.


LaTeX Warning: Citation `CerfIpeRottenberg2000' on page 2 undefined on input li
ne 126.


LaTeX Warning: Citation `BraunsteinCerfIblisdirVanLoockMassar2001' on page 2 un
defined on input line 126.


LaTeX Warning: Citation `GutaMatsumoto2006' on page 2 undefined on input line 1
26.


LaTeX Warning: Reference `subsec:PRV-prelim' on page 1 undefined on input line 
134.

LaTeX Font Info:    Font shape `T1/zpltlf/b/n' will be
(Font)              scaled to size 12.0pt on input line 145.
[2]

LaTeX Warning: Reference `eq:intro-known-answer' on page 3 undefined on input l
ine 176.


LaTeX Warning: Reference `eq:intro-known-answer' on page 3 undefined on input l
ine 176.


LaTeX Warning: Citation `KahnGuta2009' on page 3 undefined on input line 176.


LaTeX Warning: Citation `GutaMatsumoto2006' on page 3 undefined on input line 1
76.


LaTeX Warning: Citation `LiTheilHarrowChuang2026' on page 3 undefined on input 
line 189.


LaTeX Warning: Reference `eq:Werner-global-fid' on page 3 undefined on input li
ne 189.

[3]

LaTeX Warning: Reference `eq:intro-rp' on page 4 undefined on input line 212.


LaTeX Warning: Citation `Rastegin2003Upper' on page 4 undefined on input line 2
14.


LaTeX Warning: Citation `Rastegin2002Relative' on page 4 undefined on input lin
e 214.


LaTeX Warning: Citation `Rastegin2003StateDependent' on page 4 undefined on inp
ut line 214.


LaTeX Warning: Citation `Fan2003' on page 4 undefined on input line 214.


LaTeX Warning: Citation `FanLiuShi2007' on page 4 undefined on input line 214.


LaTeX Warning: Citation `Kazakov2007' on page 4 undefined on input line 214.


LaTeX Warning: Citation `DArianoMacchiavelloPerinotti2005' on page 4 undefined 
on input line 214.


LaTeX Warning: Citation `BuscemiDArianoMacchiavelloPerinotti2006' on page 4 und
efined on input line 214.


LaTeX Warning: Citation `DangFan2007' on page 4 undefined on input line 214.


LaTeX Warning: Citation `DArianoPerinottiSacchi2006Continuous' on page 4 undefi
ned on input line 214.


LaTeX Warning: Citation `GutaMatsumoto2006' on page 4 undefined on input line 2
14.


LaTeX Warning: Reference `sec:preliminaries' on page 1 undefined on input line 
220.


LaTeX Warning: Reference `sec:known' on page 1 undefined on input line 220.


LaTeX Warning: Reference `sec:unknown' on page 1 undefined on input line 220.


LaTeX Warning: Reference `sec:comparison' on page 1 undefined on input line 220
.


LaTeX Warning: Reference `sec:outlook' on page 1 undefined on input line 220.

[4]

LaTeX Warning: Citation `Werner1998' on page 5 undefined on input line 295.

[5]

LaTeX Warning: Reference `eq:Werner-global-fid' on page 6 undefined on input li
ne 313.


LaTeX Warning: Reference `eq:Werner-single-fid' on page 6 undefined on input li
ne 313.


LaTeX Warning: Reference `eq:Werner-global-fid' on page 6 undefined on input li
ne 313.


LaTeX Warning: Reference `sec:comparison' on page 1 undefined on input line 313
.


LaTeX Warning: Reference `eq:Werner-global-fid' on page 6 undefined on input li
ne 313.

LaTeX Font Info:    Trying to load font information for T1+qhv on input line 35
6.
(/usr/local/texlive/2026/texmf-dist/tex/latex/tex-gyre/t1qhv.fd
File: t1qhv.fd 2009/09/25 v1.2 font definition file for T1/qhv
)
LaTeX Font Info:    Font shape `T1/qhv/m/n' will be
(Font)              scaled to size 10.29301pt on input line 356.
Package microtype Info: Loading generic protrusion settings for font family
(microtype)             `qhv' (encoding: T1).
(microtype)             For optimal results, create family-specific settings.
(microtype)             See the microtype manual for details.
LaTeX Font Info:    Font shape `T1/qhv/m/n' will be
(Font)              scaled to size 7.52002pt on input line 356.
LaTeX Font Info:    Font shape `T1/qhv/m/n' will be
(Font)              scaled to size 5.73401pt on input line 356.


LaTeX Warning: Citation `KeylWerner2001' on page 6 undefined on input line 362.


[6{/usr/local/texlive/2026/texmf-dist/fonts/enc/dvips/tex-gyre/q-ec.enc}]

LaTeX Warning: Citation `ParthasarathyRangaRaoVaradarajan1967' on page 7 undefi
ned on input line 368.


LaTeX Warning: Reference `eq:prelim-PRV-inclusion' on page 7 undefined on input
 line 380.


LaTeX Warning: Reference `def:sector-PRV' on page 1 undefined on input line 384
.

[7]

LaTeX Warning: Citation `KahnGuta2009' on page 8 undefined on input line 431.

[8]

LaTeX Warning: Reference `thm:LAN-unknown' on page 1 undefined on input line 48
1.


LaTeX Warning: Reference `thm:LAN-known' on page 1 undefined on input line 481.



LaTeX Warning: Citation `KahnGuta2009' on page 9 undefined on input line 493.


LaTeX Warning: Reference `lem:fid-cont' on page 1 undefined on input line 515.


LaTeX Warning: Citation `GutaMatsumoto2006' on page 9 undefined on input line 5
20.

[9]

LaTeX Warning: Citation `Holevo2011' on page 10 undefined on input line 543.


LaTeX Warning: Reference `eq:thermal-squared-fid' on page 10 undefined on input
 line 562.

[10]

LaTeX Warning: Reference `eq:one-mode-conic' on page 11 undefined on input line
 574.


LaTeX Warning: Reference `lem:one-mode-conic' on page 1 undefined on input line
 593.


LaTeX Warning: Reference `eq:thermal-root-fid' on page 11 undefined on input li
ne 601.


LaTeX Warning: Reference `eq:one-mode-f' on page 11 undefined on input line 601
.


LaTeX Warning: Reference `eq:intro-known-answer-clean' on page 11 undefined on 
input line 604.


LaTeX Warning: Reference `eq:intro-known-answer-clean' on page 11 undefined on 
input line 611.


LaTeX Warning: Reference `eq:Phi-z' on page 11 undefined on input line 615.


LaTeX Warning: Reference `eq:Psi-z' on page 11 undefined on input line 615.

[11]
LaTeX Font Info:    Font shape `OT1/minzpl/b/n' will be
(Font)              scaled to size 10.95pt on input line 635.
LaTeX Font Info:    Font shape `OT1/minzpl/b/n' will be
(Font)              scaled to size 8.0pt on input line 635.
LaTeX Font Info:    Font shape `OT1/minzpl/b/n' will be
(Font)              scaled to size 6.1pt on input line 635.


LaTeX Warning: Reference `lem:one-mode-conic' on page 1 undefined on input line
 652.


LaTeX Warning: Reference `eq:tensor-conic' on page 12 undefined on input line 6
65.


LaTeX Warning: Reference `lem:one-mode-conic' on page 1 undefined on input line
 669.


LaTeX Warning: Citation `GutaMatsumoto2006' on page 12 undefined on input line 
669.


LaTeX Warning: Reference `lem:one-mode-gaussian' on page 1 undefined on input l
ine 669.


LaTeX Warning: Reference `lem:tensor-conic' on page 1 undefined on input line 6
69.


LaTeX Warning: Reference `lem:one-mode-conic' on page 1 undefined on input line
 672.

[12]

LaTeX Warning: Reference `lem:Hunt-Stein' on page 1 undefined on input line 684
.


LaTeX Warning: Reference `lem:tensor-conic' on page 1 undefined on input line 6
95.


LaTeX Warning: Reference `eq:flat-prior-gaussian' on page 13 undefined on input
 line 699.

LaTeX Font Info:    Font shape `T1/zpltlf/m/n' will be
(Font)              scaled to size 8.0pt on input line 710.
LaTeX Font Info:    Font shape `T1/zpltlf/m/n' will be
(Font)              scaled to size 6.1pt on input line 710.

LaTeX Warning: Reference `subsec:PRV-prelim' on page 1 undefined on input line 
724.

[13]

LaTeX Warning: Citation `ParthasarathyRangaRaoVaradarajan1967' on page 14 undef
ined on input line 728.


LaTeX Warning: Citation `FultonHarris1991' on page 14 undefined on input line 7
28.


LaTeX Warning: Reference `eq:schur-weyl' on page 14 undefined on input line 757
.


LaTeX Warning: Reference `eq:schur-block-state' on page 14 undefined on input l
ine 759.


LaTeX Warning: Reference `eq:known-kernel' on page 14 undefined on input line 7
60.


LaTeX Warning: Reference `eq:known-output' on page 14 undefined on input line 7
99.


LaTeX Warning: Reference `eq:known-channel-arbitrary-input' on page 14 undefine
d on input line 799.

[14]

LaTeX Warning: Reference `eq:root-root-contraction' on page 15 undefined on inp
ut line 848.


LaTeX Warning: Reference `eq:root-dual-contraction' on page 15 undefined on inp
ut line 850.

[15]

LaTeX Warning: Reference `eq:PBW-Gram' on page 16 undefined on input line 907.


LaTeX Warning: Reference `eq:F-action' on page 16 undefined on input line 907.


LaTeX Warning: Reference `eq:E-action' on page 16 undefined on input line 907.


LaTeX Warning: Reference `lem:PBW-Fock' on page 16 undefined on input line 911.


[16]

LaTeX Warning: Reference `lem:PBW-Fock' on page 17 undefined on input line 937.



LaTeX Warning: Reference `eq:schur-strict-asymp' on page 17 undefined on input 
line 941.

[17]

LaTeX Warning: Reference `eq:exact-beamsplitter-algebra' on page 18 undefined o
n input line 999.


LaTeX Warning: Reference `lem:PBW-Fock' on page 18 undefined on input line 999.



LaTeX Warning: Reference `eq:PRV-beamsplitter-cutoff' on page 18 undefined on i
nput line 1025.


LaTeX Warning: Reference `lem:sector-thermal' on page 18 undefined on input lin
e 1025.


LaTeX Warning: Reference `eq:thermal-PRV-sector-limit' on page 18 undefined on 
input line 1054.


LaTeX Warning: Reference `lem:sector-thermal' on page 18 undefined on input lin
e 1054.


LaTeX Warning: Reference `eq:sector-fidelity-limit' on page 18 undefined on inp
ut line 1054.


LaTeX Warning: Reference `lem:PBW-Fock' on page 18 undefined on input line 1054
.

[18]

LaTeX Warning: Reference `prop:thermal-PRV-sector' on page 19 undefined on inpu
t line 1058.


LaTeX Warning: Reference `lem:young-concentration' on page 19 undefined on inpu
t line 1081.


LaTeX Warning: Reference `eq:known-kernel' on page 19 undefined on input line 1
081.


LaTeX Warning: Reference `prop:thermal-PRV-sector' on page 19 undefined on inpu
t line 1094.


LaTeX Warning: Reference `eq:block-fidelity' on page 19 undefined on input line
 1104.


LaTeX Warning: Reference `thm:known-converse' on page 1 undefined on input line
 1119.


LaTeX Warning: Reference `eq:known-achievability' on page 19 undefined on input
 line 1119.

[19]

LaTeX Warning: Reference `eq:contradict-known' on page 20 undefined on input li
ne 1142.


LaTeX Warning: Reference `thm:LAN-known' on page 1 undefined on input line 1144
.


LaTeX Warning: Reference `eq:LAN-transfer-main' on page 20 undefined on input l
ine 1148.


LaTeX Warning: Reference `eq:LAN-known-inverse' on page 20 undefined on input l
ine 1155.


LaTeX Warning: Reference `eq:Psi-z' on page 20 undefined on input line 1155.


LaTeX Warning: Reference `lem:fid-cont' on page 20 undefined on input line 1155
.


LaTeX Warning: Reference `eq:flat-prior-gaussian' on page 20 undefined on input
 line 1160.


LaTeX Warning: Reference `eq:known-converse' on page 20 undefined on input line
 1160.


LaTeX Warning: Reference `thm:known-converse' on page 1 undefined on input line
 1163.


LaTeX Warning: Reference `thm:known-achievability' on page 1 undefined on input
 line 1163.

[20]

LaTeX Warning: Reference `thm:LAN-unknown' on page 1 undefined on input line 12
01.


LaTeX Warning: Reference `eq:Fcl-def' on page 21 undefined on input line 1230.


LaTeX Warning: Reference `eq:R-nm' on page 21 undefined on input line 1250.

[21]

LaTeX Warning: Reference `cor:LAN-uniform-compact' on page 1 undefined on input
 line 1263.


LaTeX Warning: Reference `lem:classical-factor' on page 1 undefined on input li
ne 1268.


LaTeX Warning: Reference `lem:classical-factor' on page 1 undefined on input li
ne 1305.


LaTeX Warning: Reference `lem:Hunt-Stein' on page 1 undefined on input line 130
5.

[22]

LaTeX Warning: Reference `lem:fid-variational' on page 1 undefined on input lin
e 1307.


LaTeX Warning: Reference `app:hybrid-gap' on page 1 undefined on input line 132
7.


LaTeX Warning: Reference `app:hybrid-gap' on page 1 undefined on input line 135
8.


LaTeX Warning: Reference `lem:residual-instrument-form' on page 1 undefined on 
input line 1358.


LaTeX Warning: Reference `lem:fid-variational' on page 1 undefined on input lin
e 1358.


LaTeX Warning: Reference `lem:tensor-conic' on page 1 undefined on input line 1
358.

[23]

LaTeX Warning: Reference `lem:uniform-young-adaptive-factor' on page 1 undefine
d on input line 1387.


LaTeX Warning: Reference `prop:thermal-PRV-sector' on page 1 undefined on input
 line 1387.


LaTeX Warning: Reference `eq:R-nm' on page 24 undefined on input line 1387.


LaTeX Warning: Reference `eq:unknown-achievability-statement' on page 24 undefi
ned on input line 1387.


LaTeX Warning: Reference `thm:LAN-unknown' on page 1 undefined on input line 13
98.


LaTeX Warning: Reference `thm:unknown-achievability' on page 1 undefined on inp
ut line 1410.


LaTeX Warning: Reference `eq:unknown-window-converse' on page 24 undefined on i
nput line 1414.


LaTeX Warning: Reference `thm:LAN-unknown' on page 1 undefined on input line 14
14.


LaTeX Warning: Reference `subsec:LAN-transfer-main' on page 1 undefined on inpu
t line 1414.


LaTeX Warning: Reference `thm:hybrid-converse' on page 1 undefined on input lin
e 1414.


LaTeX Warning: Reference `eq:unknown-window-converse' on page 24 undefined on i
nput line 1414.


LaTeX Warning: Reference `lem:uniform-young-adaptive-factor' on page 1 undefine
d on input line 1417.


LaTeX Warning: Reference `lem:PBW-Fock' on page 1 undefined on input line 1417.



LaTeX Warning: Reference `cor:LAN-uniform-compact' on page 1 undefined on input
 line 1417.


LaTeX Warning: Reference `lem:young-concentration' on page 1 undefined on input
 line 1417.

[24]

LaTeX Warning: Reference `thm:unknown-achievability' on page 1 undefined on inp
ut line 1440.


LaTeX Warning: Reference `lem:uniform-young-adaptive-factor' on page 1 undefine
d on input line 1440.


LaTeX Warning: Reference `lem:PBW-Fock' on page 1 undefined on input line 1440.



LaTeX Warning: Reference `cor:LAN-uniform-compact' on page 1 undefined on input
 line 1440.


LaTeX Warning: Reference `lem:young-concentration' on page 1 undefined on input
 line 1440.


LaTeX Warning: Reference `thm:unknown-window-converse' on page 1 undefined on i
nput line 1446.


LaTeX Warning: Reference `eq:compact-global-unknown' on page 25 undefined on in
put line 1449.


LaTeX Warning: Citation `BarnumCavesFuchsJozsaSchumacher1996' on page 25 undefi
ned on input line 1457.


LaTeX Warning: Citation `DArianoMacchiavelloPerinotti2005' on page 25 undefined
 on input line 1457.


LaTeX Warning: Citation `DArianoPerinottiSacchi2006Continuous' on page 25 undef
ined on input line 1457.


LaTeX Warning: Citation `BuscemiDArianoMacchiavelloPerinotti2005Optimal' on pag
e 25 undefined on input line 1457.


LaTeX Warning: Citation `BuscemiDArianoMacchiavelloPerinotti2006' on page 25 un
defined on input line 1457.


LaTeX Warning: Citation `Rastegin2003Upper' on page 25 undefined on input line 
1460.


LaTeX Warning: Citation `Rastegin2002Relative' on page 25 undefined on input li
ne 1460.


LaTeX Warning: Citation `Rastegin2003StateDependent' on page 25 undefined on in
put line 1460.


LaTeX Warning: Citation `Fan2003' on page 25 undefined on input line 1460.


LaTeX Warning: Citation `FanLiuShi2007' on page 25 undefined on input line 1460
.


LaTeX Warning: Citation `Kazakov2007' on page 25 undefined on input line 1460.


LaTeX Warning: Citation `GutaMatsumoto2006' on page 25 undefined on input line 
1460.

[25]

LaTeX Warning: Citation `LiTheilHarrowChuang2026' on page 26 undefined on input
 line 1463.

[26] [27]

LaTeX Warning: Reference `thm:hybrid-converse' on page 1 undefined on input lin
e 1589.


LaTeX Warning: Reference `lem:tensor-conic' on page 1 undefined on input line 1
589.


LaTeX Warning: Citation `Holevo2011' on page 28 undefined on input line 1609.

[28]

LaTeX Warning: Reference `eq:residual-form-test' on page 29 undefined on input 
line 1618.


LaTeX Warning: Reference `eq:cov-instrument' on page 29 undefined on input line
 1620.


LaTeX Warning: Reference `thm:hybrid-converse' on page 1 undefined on input lin
e 1629.


LaTeX Warning: Reference `lem:Hunt-Stein' on page 1 undefined on input line 163
3.


LaTeX Warning: Reference `lem:residual-instrument-form' on page 1 undefined on 
input line 1633.


LaTeX Warning: Reference `lem:tensor-conic' on page 1 undefined on input line 1
633.


LaTeX Warning: Reference `lem:fid-variational' on page 1 undefined on input lin
e 1641.


LaTeX Warning: Reference `lem:residual-instrument-form' on page 1 undefined on 
input line 1649.

[29]

LaTeX Warning: Reference `lem:tensor-conic' on page 1 undefined on input line 1
660.


LaTeX Warning: Reference `lem:residual-instrument-form' on page 1 undefined on 
input line 1682.


LaTeX Warning: Reference `lem:tensor-conic' on page 1 undefined on input line 1
682.


LaTeX Warning: Reference `sec:comparison' on page 1 undefined on input line 168
5.

LaTeX Font Info:    Trying to load font information for T1+npxtt on input line 
1708.
(/usr/local/texlive/2026/texmf-dist/tex/latex/newpx/t1npxtt.fd
File: t1npxtt.fd 2000/12/14 v1.0
)
LaTeX Font Info:    Font shape `T1/npxtt/m/n' will be
(Font)              scaled to size 10.95pt on input line 1708.
Package microtype Info: Loading generic protrusion settings for font family
(microtype)             `npxtt' (encoding: T1).
(microtype)             For optimal results, create family-specific settings.
(microtype)             See the microtype manual for details.
 [30] [31]
[32] [33] (./cloning.aux)
 ***********
LaTeX2e <2025-11-01>
L3 programming layer <2020/03/25>
 ***********


LaTeX Font Warning: Size substitutions with differences
(Font)              up to 0.5pt have occurred.


LaTeX Warning: There were undefined references.


LaTeX Warning: Label(s) may have changed. Rerun to get cross-references right.


Package rerunfilecheck Warning: File `cloning.out' has changed.
(rerunfilecheck)                Rerun to get outlines right
(rerunfilecheck)                or use package `bookmark'.

Package rerunfilecheck Info: Checksums for `cloning.out':
(rerunfilecheck)             Before: <no file>
(rerunfilecheck)             After:  B972AC8911A7F7455E13BD4BD0789A72;6315.
 ) 
Here is how much of TeX's memory you used:
 19818 strings out of 467525
 322097 string characters out of 5418982
 774046 words of memory out of 5000000
 47953 multiletter control sequences out of 15000+600000
 736453 words of font info for 308 fonts, out of 8000000 for 9000
 1141 hyphenation exceptions out of 8191
 75i,10n,79p,1801b,643s stack positions out of 10000i,1000n,20000p,200000b,200000s
</usr/local/texlive/2026/texmf-dist/fonts/type1/public/newpx/NewPXMI.pfb></us
r/local/texlive/2026/texmf-dist/fonts/type1/public/newpx/NewPXMI_gnu.pfb></usr/
local/texlive/2026/texmf-dist/fonts/type1/public/newpx/pxmiaX.pfb></usr/local/t
exlive/2026/texmf-dist/fonts/type1/public/newpx/pxsys.pfb></usr/local/texlive/2
026/texmf-dist/fonts/type1/public/tex-gyre/qhvr.pfb></usr/local/texlive/2026/te
xmf-dist/fonts/type1/public/txfonts/t1xtt.pfb></usr/local/texlive/2026/texmf-di
st/fonts/type1/public/newtx/txexs.pfb></usr/local/texlive/2026/texmf-dist/fonts
/type1/public/txfonts/txsyc.pfb></usr/local/texlive/2026/texmf-dist/fonts/type1
/public/newtx/txsym.pfb></usr/local/texlive/2026/texmf-dist/fonts/type1/public/
newpx/zplb.pfb></usr/local/texlive/2026/texmf-dist/fonts/type1/public/newpx/zpl
r.pfb></usr/local/texlive/2026/texmf-dist/fonts/type1/public/newpx/zplri.pfb>
Output written on cloning.pdf (33 pages, 415616 bytes).
PDF statistics:
 572 PDF objects out of 1000 (max. 8388607)
 238 named destinations out of 1000 (max. 500000)
 37377 words of extra memory for PDF output out of 42996 (max. 10000000)

